- Checking registry.
✔ Checking registry.
- Installing dependencies.
- Installing dependencies.
✔ Installing dependencies.
- Updating files.
[?25l[2K[1G[36m?[39m [1mThe file button.tsx already exists. Would you like to overwrite?[22m [90m›[39m [90m(y/N)[39m[2K[1G[2K[1G[32m✔[39m [1mThe file button.tsx already exists. Would you like to overwrite?[22m [90m…[39m no
[?25h✔ Created 21 files:
  - src/components/ui/text.tsx
  - src/components/ui/icon.tsx
  - src/components/ui/avatar.tsx
  - src/lib/markdown.ts
  - src/components/ui/input.tsx
  - src/components/ui/collapsible.tsx
  - src/lib/mono.ts
  - src/lib/status.ts
  - src/components/ui/native-only-animated-view.tsx
  - src/components/ui/progress.tsx
  - src/components/ui/badge.tsx
  - src/components/ui/empty.tsx
  - src/components/ai/message.tsx
  - src/components/ui/popover.tsx
  - src/components/ai/tool.tsx
  - src/components/ai/tool.logic.ts
  - src/components/ui/input-group.tsx
  - src/components/ai/conversation.tsx
  - src/components/ai/context.tsx
  - src/components/ai/context.logic.ts
  - src/components/ai/prompt-input.tsx
ℹ Skipped 1 file: (files might be identical, use --overwrite to overwrite)
  - src/components/ui/button.tsx
[33m⚠[39m Tailwind config not found, Please follow the instructions at https://www.nativewind.dev/docs/getting-started/installation#installation-with-expo
[2m[33m⚠[39m 16 Potential issues found. For more info, run: 'npx @react-native-reusables/cli doctor'[0m

