=== ios.bundleIdentifier (expect ai.hackerpug.rnrexample) ===
node:internal/modules/cjs/loader:1459
  throw err;
  ^

Error: Cannot find module './apps/example/app.json'
Require stack:
- /Users/justinrich/Projects/rnr-ai-elements/.kb-run-sprint/worktrees/sprint-01-installed-app-cold-boots-on-both-platforms/TASK-F1/[eval]
    at Module._resolveFilename (node:internal/modules/cjs/loader:1456:15)
    at defaultResolveImpl (node:internal/modules/cjs/loader:1066:19)
    at resolveForCJSWithHooks (node:internal/modules/cjs/loader:1071:22)
    at Module._load (node:internal/modules/cjs/loader:1242:25)
    at wrapModuleLoad (node:internal/modules/cjs/loader:255:19)
    at Module.require (node:internal/modules/cjs/loader:1556:12)
    at require (node:internal/modules/helpers:152:16)
    at [eval]:1:1
    at runScriptInThisContext (node:internal/vm:219:10)
    at node:internal/process/execution:451:12 {
  code: 'MODULE_NOT_FOUND',
  requireStack: [
    '/Users/justinrich/Projects/rnr-ai-elements/.kb-run-sprint/worktrees/sprint-01-installed-app-cold-boots-on-both-platforms/TASK-F1/[eval]'
  ]
}

Node.js v24.14.0
exit=1
