=== RED evidence TASK-F5 cycle-1 — 2026-09-06T23:22:11Z ===
--- check 1: messages.length (expect 2) ---
node:internal/modules/cjs/loader:1459
  throw err;
  ^

Error: Cannot find module './apps/example/fixtures/transcript.json'
Require stack:
- /Users/justinrich/Projects/rnr-ai-elements/.kb-run-sprint/worktrees/sprint-01-installed-app-cold-boots-on-both-platforms/TASK-F5/[eval]
    at Module._resolveFilename (node:internal/modules/cjs/loader:1456:15)
    at defaultResolveImpl (node:internal/modules/cjs/loader:1066:19)
    at resolveForCJSWithHooks (node:internal/modules/cjs/loader:1071:22)
    at Module._load (node:internal/modules/cjs/loader:1242:25)
    at wrapModuleLoad (node:internal/modules/cjs/loader:255:19)
    at Module.require (node:internal/modules/cjs/loader:1556:12)
    at require (node:internal/modules/helpers:152:16)
    at [eval]:1:9
    at runScriptInThisContext (node:internal/vm:219:10)
    at node:internal/process/execution:451:12 {
  code: 'MODULE_NOT_FOUND',
  requireStack: [
    '/Users/justinrich/Projects/rnr-ai-elements/.kb-run-sprint/worktrees/sprint-01-installed-app-cold-boots-on-both-platforms/TASK-F5/[eval]'
  ]
}

Node.js v24.14.0
exit=1
--- check 2: assistant text (expect 'Registry item installed.') ---
node:internal/modules/cjs/loader:1459
  throw err;
  ^

Error: Cannot find module './apps/example/fixtures/transcript.json'
Require stack:
- /Users/justinrich/Projects/rnr-ai-elements/.kb-run-sprint/worktrees/sprint-01-installed-app-cold-boots-on-both-platforms/TASK-F5/[eval]
    at Module._resolveFilename (node:internal/modules/cjs/loader:1456:15)
    at defaultResolveImpl (node:internal/modules/cjs/loader:1066:19)
    at resolveForCJSWithHooks (node:internal/modules/cjs/loader:1071:22)
    at Module._load (node:internal/modules/cjs/loader:1242:25)
    at wrapModuleLoad (node:internal/modules/cjs/loader:255:19)
    at Module.require (node:internal/modules/cjs/loader:1556:12)
    at require (node:internal/modules/helpers:152:16)
    at [eval]:1:9
    at runScriptInThisContext (node:internal/vm:219:10)
    at node:internal/process/execution:451:12 {
  code: 'MODULE_NOT_FOUND',
  requireStack: [
    '/Users/justinrich/Projects/rnr-ai-elements/.kb-run-sprint/worktrees/sprint-01-installed-app-cold-boots-on-both-platforms/TASK-F5/[eval]'
  ]
}

Node.js v24.14.0
exit=1
--- check 3: tool part (expect 'output-available searchRegistry') ---
node:internal/modules/cjs/loader:1459
  throw err;
  ^

Error: Cannot find module './apps/example/fixtures/transcript.json'
Require stack:
- /Users/justinrich/Projects/rnr-ai-elements/.kb-run-sprint/worktrees/sprint-01-installed-app-cold-boots-on-both-platforms/TASK-F5/[eval]
    at Module._resolveFilename (node:internal/modules/cjs/loader:1456:15)
    at defaultResolveImpl (node:internal/modules/cjs/loader:1066:19)
    at resolveForCJSWithHooks (node:internal/modules/cjs/loader:1071:22)
    at Module._load (node:internal/modules/cjs/loader:1242:25)
    at wrapModuleLoad (node:internal/modules/cjs/loader:255:19)
    at Module.require (node:internal/modules/cjs/loader:1556:12)
    at require (node:internal/modules/helpers:152:16)
    at [eval]:1:9
    at runScriptInThisContext (node:internal/vm:219:10)
    at node:internal/process/execution:451:12 {
  code: 'MODULE_NOT_FOUND',
  requireStack: [
    '/Users/justinrich/Projects/rnr-ai-elements/.kb-run-sprint/worktrees/sprint-01-installed-app-cold-boots-on-both-platforms/TASK-F5/[eval]'
  ]
}

Node.js v24.14.0
exit=1
--- check 4: PROVENANCE.md (expect content) ---
cat: apps/example/fixtures/PROVENANCE.md: No such file or directory
exit=1
--- check 5: route renders fixture (expect fixture import present) ---
0
exit=1 (0 matches = route renders no fixture = RED)
