› Using --device Pixel_7_API_34
› Building app...
Starting a Gradle Daemon (subsequent builds will be faster)
Configuration on demand is an incubating feature.
> Task :expo-gradle-plugin:expo-autolinking-settings-plugin:checkKotlinGradlePluginConfigurationErrors SKIPPED
> Task :expo-gradle-plugin:expo-autolinking-plugin-shared:checkKotlinGradlePluginConfigurationErrors SKIPPED
> Task :gradle-plugin:settings-plugin:checkKotlinGradlePluginConfigurationErrors SKIPPED
> Task :gradle-plugin:shared:checkKotlinGradlePluginConfigurationErrors SKIPPED
> Task :gradle-plugin:settings-plugin:pluginDescriptors
> Task :expo-gradle-plugin:expo-autolinking-settings-plugin:pluginDescriptors
> Task :expo-gradle-plugin:expo-autolinking-settings-plugin:processResources
> Task :gradle-plugin:settings-plugin:processResources
> Task :expo-gradle-plugin:expo-autolinking-plugin-shared:processResources NO-SOURCE
> Task :gradle-plugin:shared:processResources NO-SOURCE
> Task :gradle-plugin:shared:compileKotlin
> Task :gradle-plugin:shared:compileJava NO-SOURCE
> Task :gradle-plugin:shared:classes UP-TO-DATE
> Task :gradle-plugin:shared:jar
> Task :expo-gradle-plugin:expo-autolinking-plugin-shared:compileKotlin
> Task :expo-gradle-plugin:expo-autolinking-plugin-shared:compileJava NO-SOURCE
> Task :expo-gradle-plugin:expo-autolinking-plugin-shared:classes UP-TO-DATE
> Task :expo-gradle-plugin:expo-autolinking-plugin-shared:jar
> Task :expo-gradle-plugin:expo-autolinking-settings-plugin:compileKotlin
> Task :expo-gradle-plugin:expo-autolinking-settings-plugin:compileJava NO-SOURCE
> Task :expo-gradle-plugin:expo-autolinking-settings-plugin:classes
> Task :expo-gradle-plugin:expo-autolinking-settings-plugin:jar
> Task :gradle-plugin:settings-plugin:compileKotlin
> Task :gradle-plugin:settings-plugin:compileJava NO-SOURCE
> Task :gradle-plugin:settings-plugin:classes
> Task :gradle-plugin:settings-plugin:jar
> Task :gradle-plugin:react-native-gradle-plugin:checkKotlinGradlePluginConfigurationErrors SKIPPED
> Task :expo-gradle-plugin:expo-max-sdk-override-plugin:checkKotlinGradlePluginConfigurationErrors SKIPPED
> Task :expo-gradle-plugin:expo-autolinking-plugin:checkKotlinGradlePluginConfigurationErrors SKIPPED
> Task :expo-module-gradle-plugin:checkKotlinGradlePluginConfigurationErrors SKIPPED
> Task :expo-module-gradle-plugin:pluginDescriptors
> Task :expo-module-gradle-plugin:processResources
> Task :expo-gradle-plugin:expo-max-sdk-override-plugin:pluginDescriptors
> Task :expo-gradle-plugin:expo-autolinking-plugin:pluginDescriptors
> Task :expo-gradle-plugin:expo-max-sdk-override-plugin:processResources
> Task :expo-gradle-plugin:expo-autolinking-plugin:processResources
> Task :expo-gradle-plugin:expo-max-sdk-override-plugin:compileKotlin
> Task :expo-gradle-plugin:expo-max-sdk-override-plugin:compileJava NO-SOURCE
> Task :expo-gradle-plugin:expo-max-sdk-override-plugin:classes
> Task :expo-gradle-plugin:expo-max-sdk-override-plugin:jar
> Task :expo-gradle-plugin:expo-autolinking-plugin:compileKotlin
> Task :expo-gradle-plugin:expo-autolinking-plugin:compileJava NO-SOURCE
> Task :expo-gradle-plugin:expo-autolinking-plugin:classes
> Task :expo-gradle-plugin:expo-autolinking-plugin:jar
> Task :gradle-plugin:react-native-gradle-plugin:pluginDescriptors
> Task :gradle-plugin:react-native-gradle-plugin:processResources
> Task :gradle-plugin:react-native-gradle-plugin:compileKotlin
> Task :gradle-plugin:react-native-gradle-plugin:compileJava NO-SOURCE
> Task :gradle-plugin:react-native-gradle-plugin:classes
> Task :gradle-plugin:react-native-gradle-plugin:jar

> Task :expo-module-gradle-plugin:compileKotlin
w: file:///Users/justinrich/Projects/rnr-ai-elements/.kb-run-sprint/worktrees/sprint-01-installed-app-cold-boots-on-both-platforms/TASK-F8/node_modules/.pnpm/expo-modules-core@57.0.16_react-native-worklets@0.10.1_@babel+core@7.29.7_@react-native_3d6d20ac975202fc1c5c16f1e510c554/node_modules/expo-modules-core/expo-module-gradle-plugin/src/main/kotlin/expo/modules/plugin/android/AndroidLibraryExtension.kt:9:24 'var targetSdk: Int?' is deprecated. Will be removed from library DSL in v9.0. Use testOptions.targetSdk or/and lint.targetSdk instead.

> Task :expo-module-gradle-plugin:compileJava NO-SOURCE
> Task :expo-module-gradle-plugin:classes
> Task :expo-module-gradle-plugin:jar

> Configure project :
[32m[ExpoRootProject][0m Using the following versions:
  - buildTools:  [32m36.0.0[0m
  - minSdk:      [32m24[0m
  - compileSdk:  [32m36[0m
  - targetSdk:   [32m36[0m
  - ndk:         [32m27.1.12297006[0m
  - kotlin:      [32m2.1.20[0m
  - ksp:         [32m2.1.20-2.0.1[0m

> Configure project :app
 ℹ️  [33mApplying gradle plugin[0m '[32mexpo-max-sdk-override-plugin[0m'
  [expo-max-sdk-override-plugin] This plugin will find all permissions declared with `android:maxSdkVersion`. If there exists a declaration with the `android:maxSdkVersion` annotation and another one without, the plugin will remove the annotation from the final merged manifest. In order to see a log with the changes run a clean build of the app.

> Configure project :expo

Using expo modules
  - [32mexpo-log-box[0m (57.0.4)
  - [32mexpo-constants[0m (57.0.17)

> Configure project :expo-modules-core
Linking react-native-worklets native libs into expo-modules-core build tasks
task ':react-native-worklets:mergeDebugNativeLibs'
task ':react-native-worklets:mergeReleaseNativeLibs'

> Configure project :expo
  - [32mexpo-modules-core[0m (57.0.16)
  - [33m[📦][0m [32mexpo-dom-webview[0m (57.0.1)
  - [33m[📦][0m [32mexpo-ui[0m (57.0.16)
  - [33m[📦][0m [32mexpo-asset[0m (57.0.16)
  - [33m[📦][0m [32mexpo-device[0m (57.0.1)
  - [33m[📦][0m [32mexpo-file-system[0m (57.0.6)
  - [33m[📦][0m [32mexpo-font[0m (57.0.3)
  - [33m[📦][0m [32mexpo-image[0m (57.0.4)
  - [33m[📦][0m [32mexpo-keep-awake[0m (57.0.1)
  - [33m[📦][0m [32mexpo-linking[0m (57.0.9)
  - [33m[📦][0m [32mexpo-router[0m (57.0.19)
  - [33m[📦][0m [32mexpo-splash-screen[0m (57.0.8)
  - [33m[📦][0m [32mexpo-status-bar[0m (57.0.1)
  - [33m[📦][0m [32mexpo-system-ui[0m (57.0.3)
  - [33m[📦][0m [32mexpo-web-browser[0m (57.0.2)


> Task :expo-log-box:preBuild UP-TO-DATE
> Task :expo-modules-core:preBuild UP-TO-DATE
> Task :react-native-masked-view_masked-view:preBuild UP-TO-DATE
> Task :expo-log-box:preDebugBuild UP-TO-DATE
> Task :expo-modules-core:preDebugBuild UP-TO-DATE
> Task :react-native-masked-view_masked-view:preDebugBuild UP-TO-DATE
> Task :expo:generatePackagesList
> Task :expo:preBuild
> Task :expo:preDebugBuild
> Task :app:generateAutolinkingNewArchitectureFiles
> Task :app:generateAutolinkingPackageList
> Task :app:generateCodegenSchemaFromJavaScript SKIPPED
> Task :app:generateCodegenArtifactsFromSchema SKIPPED
> Task :react-native-masked-view_masked-view:writeDebugAarMetadata
> Task :expo-log-box:writeDebugAarMetadata
> Task :expo:writeDebugAarMetadata
> Task :react-native-masked-view_masked-view:generateDebugResValues
> Task :expo:generateDebugResValues
> Task :expo-modules-core:generateDebugResValues
> Task :app:generateReactNativeEntryPoint
> Task :expo-modules-core:writeDebugAarMetadata
> Task :app:preBuild
> Task :app:preDebugBuild
> Task :app:mergeDebugNativeDebugMetadata NO-SOURCE
> Task :app:checkKotlinGradlePluginConfigurationErrors SKIPPED
> Task :expo-modules-core:generateDebugResources
> Task :react-native-masked-view_masked-view:generateDebugResources
> Task :expo-log-box:generateDebugResValues FROM-CACHE
> Task :expo:generateDebugResources
> Task :react-native-reanimated:assertMinimalReactNativeVersionTask
> Task :react-native-worklets:assertMinimalReactNativeVersionTask
> Task :expo-log-box:generateDebugResources FROM-CACHE
> Task :app:generateDebugBuildConfig
> Task :app:generateDebugResValues
> Task :expo-modules-core:packageDebugResources
> Task :expo-log-box:packageDebugResources
> Task :react-native-masked-view_masked-view:packageDebugResources
> Task :expo:packageDebugResources
> Task :react-native-masked-view_masked-view:extractDeepLinksDebug
> Task :expo-log-box:extractDeepLinksDebug
> Task :expo:extractDeepLinksDebug
> Task :expo-modules-core:extractDeepLinksDebug
> Task :react-native-reanimated:assertWorkletsVersionTask
> Task :app:generateDebugResources

> Task :expo-modules-core:processDebugManifest
/Users/justinrich/Projects/rnr-ai-elements/.kb-run-sprint/worktrees/sprint-01-installed-app-cold-boots-on-both-platforms/TASK-F8/node_modules/.pnpm/expo-modules-core@57.0.16_react-native-worklets@0.10.1_@babel+core@7.29.7_@react-native_3d6d20ac975202fc1c5c16f1e510c554/node_modules/expo-modules-core/android/src/main/AndroidManifest.xml:8:9-11:45 Warning:
	meta-data#com.facebook.soloader.enabled@android:value was tagged at AndroidManifest.xml:8 to replace other declarations but no other declaration present

> Task :expo:processDebugManifest
> Task :react-native-masked-view_masked-view:processDebugManifest
> Task :expo-log-box:processDebugManifest
> Task :react-native-worklets:generateCodegenSchemaFromJavaScript
> Task :react-native-gesture-handler:generateCodegenSchemaFromJavaScript
> Task :react-native-safe-area-context:generateCodegenSchemaFromJavaScript
> Task :react-native-reanimated:generateCodegenSchemaFromJavaScript
> Task :react-native-screens:generateCodegenSchemaFromJavaScript
> Task :react-native-svg:generateCodegenSchemaFromJavaScript
> Task :app:packageDebugResources
> Task :expo-constants:createExpoConfig
> Task :expo-constants:preBuild
> Task :expo-constants:preDebugBuild
> Task :expo-constants:writeDebugAarMetadata
> Task :expo-constants:generateDebugResValues FROM-CACHE
> Task :expo-constants:generateDebugResources FROM-CACHE
> Task :expo-constants:packageDebugResources
> Task :expo-constants:extractDeepLinksDebug FROM-CACHE
> Task :expo-constants:processDebugManifest
> Task :react-native-worklets:generateCodegenArtifactsFromSchema
> Task :react-native-reanimated:generateCodegenArtifactsFromSchema
> Task :react-native-safe-area-context:generateCodegenArtifactsFromSchema
> Task :react-native-gesture-handler:generateCodegenArtifactsFromSchema
> Task :react-native-safe-area-context:preBuild
> Task :react-native-safe-area-context:preDebugBuild
> Task :react-native-gesture-handler:preBuild
> Task :react-native-gesture-handler:preDebugBuild
> Task :react-native-safe-area-context:writeDebugAarMetadata
> Task :react-native-gesture-handler:writeDebugAarMetadata
> Task :react-native-gesture-handler:generateDebugResValues FROM-CACHE
> Task :react-native-safe-area-context:generateDebugResValues FROM-CACHE
> Task :react-native-gesture-handler:generateDebugResources FROM-CACHE
> Task :react-native-gesture-handler:packageDebugResources
> Task :react-native-gesture-handler:extractDeepLinksDebug FROM-CACHE
> Task :react-native-screens:generateCodegenArtifactsFromSchema
> Task :react-native-screens:preBuild
> Task :react-native-screens:preDebugBuild
> Task :react-native-svg:generateCodegenArtifactsFromSchema
> Task :react-native-svg:preBuild
> Task :react-native-svg:preDebugBuild
> Task :react-native-screens:writeDebugAarMetadata
> Task :react-native-screens:generateDebugResValues FROM-CACHE
> Task :react-native-svg:writeDebugAarMetadata
> Task :react-native-svg:generateDebugResValues FROM-CACHE
> Task :react-native-svg:generateDebugResources FROM-CACHE
> Task :react-native-gesture-handler:processDebugManifest
> Task :react-native-svg:packageDebugResources
> Task :react-native-svg:extractDeepLinksDebug FROM-CACHE
> Task :react-native-screens:generateDebugResources
> Task :react-native-svg:processDebugManifest
> Task :react-native-worklets:prepareWorkletsHeadersForPrefabs
> Task :react-native-worklets:preBuild
> Task :react-native-worklets:preDebugBuild
> Task :react-native-worklets:writeDebugAarMetadata
> Task :react-native-worklets:generateDebugResValues FROM-CACHE
> Task :react-native-worklets:generateDebugResources FROM-CACHE
> Task :react-native-worklets:extractDeepLinksDebug FROM-CACHE
> Task :react-native-safe-area-context:generateDebugResources FROM-CACHE
> Task :react-native-worklets:checkKotlinGradlePluginConfigurationErrors SKIPPED
> Task :react-native-safe-area-context:extractDeepLinksDebug FROM-CACHE
> Task :react-native-screens:packageDebugResources
> Task :app:createDebugCompatibleScreenManifests
> Task :react-native-screens:extractDeepLinksDebug FROM-CACHE
> Task :app:extractDeepLinksDebug
> Task :react-native-worklets:generateDebugBuildConfig
> Task :react-native-safe-area-context:checkKotlinGradlePluginConfigurationErrors SKIPPED
> Task :react-native-worklets:processDebugManifest
> Task :react-native-safe-area-context:generateDebugBuildConfig

> Task :react-native-safe-area-context:processDebugManifest
package="com.th3rdwave.safeareacontext" found in source AndroidManifest.xml: /Users/justinrich/Projects/rnr-ai-elements/.kb-run-sprint/worktrees/sprint-01-installed-app-cold-boots-on-both-platforms/TASK-F8/node_modules/.pnpm/react-native-safe-area-context@5.7.0_react-native@0.86.3_@babel+core@7.29.7_@react-nati_2c56c1da73a72f1a637357a075e52bd7/node_modules/react-native-safe-area-context/android/src/main/AndroidManifest.xml.
Setting the namespace via the package attribute in the source AndroidManifest.xml is no longer supported, and the value is ignored.
Recommendation: remove package="com.th3rdwave.safeareacontext" from the source AndroidManifest.xml: /Users/justinrich/Projects/rnr-ai-elements/.kb-run-sprint/worktrees/sprint-01-installed-app-cold-boots-on-both-platforms/TASK-F8/node_modules/.pnpm/react-native-safe-area-context@5.7.0_react-native@0.86.3_@babel+core@7.29.7_@react-nati_2c56c1da73a72f1a637357a075e52bd7/node_modules/react-native-safe-area-context/android/src/main/AndroidManifest.xml.

> Task :app:javaPreCompileDebug
> Task :react-native-screens:checkKotlinGradlePluginConfigurationErrors SKIPPED
> Task :react-native-safe-area-context:javaPreCompileDebug
> Task :react-native-screens:processDebugManifest
> Task :react-native-worklets:packageDebugResources
> Task :react-native-screens:generateDebugBuildConfig
> Task :react-native-screens:javaPreCompileDebug FROM-CACHE
> Task :react-native-safe-area-context:mergeDebugShaders
> Task :react-native-safe-area-context:compileDebugShaders NO-SOURCE
> Task :react-native-safe-area-context:generateDebugAssets UP-TO-DATE
> Task :app:mergeDebugShaders
> Task :react-native-screens:mergeDebugShaders
> Task :app:compileDebugShaders NO-SOURCE
> Task :app:generateDebugAssets UP-TO-DATE
> Task :react-native-screens:compileDebugShaders NO-SOURCE
> Task :react-native-screens:generateDebugAssets UP-TO-DATE
> Task :react-native-safe-area-context:mergeDebugAssets
> Task :app:desugarDebugFileDependencies
> Task :react-native-screens:mergeDebugAssets
> Task :react-native-safe-area-context:mergeDebugJniLibFolders
> Task :react-native-safe-area-context:mergeDebugNativeLibs NO-SOURCE
> Task :react-native-safe-area-context:copyDebugJniLibsProjectOnly
> Task :react-native-screens:parseDebugLocalResources
> Task :react-native-reanimated:prepareReanimatedHeadersForPrefabs
> Task :react-native-reanimated:preBuild
> Task :react-native-reanimated:preDebugBuild
> Task :app:parseDebugLocalResources
> Task :react-native-reanimated:generateDebugResValues FROM-CACHE
> Task :react-native-reanimated:generateDebugResources FROM-CACHE
> Task :react-native-reanimated:extractDeepLinksDebug FROM-CACHE
> Task :react-native-reanimated:writeDebugAarMetadata
> Task :react-native-reanimated:checkKotlinGradlePluginConfigurationErrors SKIPPED
> Task :react-native-reanimated:generateDebugBuildConfig
> Task :react-native-reanimated:javaPreCompileDebug FROM-CACHE
> Task :react-native-reanimated:processDebugManifest
> Task :expo-log-box:checkKotlinGradlePluginConfigurationErrors SKIPPED
> Task :expo-log-box:generateDebugBuildConfig
> Task :expo-log-box:javaPreCompileDebug FROM-CACHE
> Task :expo-log-box:mergeDebugShaders
> Task :expo-log-box:compileDebugShaders NO-SOURCE
> Task :expo-log-box:generateDebugAssets UP-TO-DATE
> Task :expo-log-box:mergeDebugAssets
> Task :expo-log-box:mergeDebugJniLibFolders
> Task :expo-log-box:mergeDebugNativeLibs NO-SOURCE
> Task :expo-log-box:copyDebugJniLibsProjectOnly
> Task :react-native-reanimated:mergeDebugShaders
> Task :expo-modules-core:checkKotlinGradlePluginConfigurationErrors SKIPPED
> Task :expo-modules-core:generateDebugBuildConfig
> Task :expo-modules-core:javaPreCompileDebug FROM-CACHE
> Task :expo-modules-core:mergeDebugShaders
> Task :expo-modules-core:compileDebugShaders NO-SOURCE
> Task :expo-modules-core:generateDebugAssets UP-TO-DATE
> Task :react-native-reanimated:compileDebugShaders NO-SOURCE
> Task :react-native-reanimated:generateDebugAssets UP-TO-DATE
> Task :react-native-reanimated:mergeDebugAssets
> Task :expo-log-box:parseDebugLocalResources
> Task :react-native-reanimated:mergeDebugJniLibFolders
> Task :expo-log-box:compileDebugLibraryResources
> Task :react-native-reanimated:packageDebugResources
> Task :react-native-safe-area-context:packageDebugResources
> Task :react-native-reanimated:compileDebugLibraryResources FROM-CACHE
> Task :react-native-reanimated:parseDebugLocalResources FROM-CACHE
> Task :react-native-safe-area-context:compileDebugLibraryResources FROM-CACHE
> Task :react-native-safe-area-context:parseDebugLocalResources FROM-CACHE
> Task :react-native-safe-area-context:generateDebugRFile
> Task :react-native-reanimated:generateDebugRFile
> Task :expo-modules-core:mergeDebugAssets
> Task :expo-modules-core:compileDebugLibraryResources
> Task :expo-modules-core:parseDebugLocalResources
> Task :react-native-masked-view_masked-view:parseDebugLocalResources FROM-CACHE
> Task :expo-modules-core:mergeDebugJniLibFolders
> Task :react-native-masked-view_masked-view:compileDebugLibraryResources
> Task :expo:parseDebugLocalResources FROM-CACHE
> Task :expo-constants:parseDebugLocalResources FROM-CACHE
> Task :react-native-masked-view_masked-view:generateDebugBuildConfig
> Task :react-native-gesture-handler:parseDebugLocalResources FROM-CACHE
> Task :react-native-masked-view_masked-view:generateDebugRFile
> Task :react-native-masked-view_masked-view:javaPreCompileDebug FROM-CACHE
> Task :react-native-svg:parseDebugLocalResources FROM-CACHE
> Task :expo:compileDebugLibraryResources
> Task :expo-constants:compileDebugLibraryResources
> Task :expo:checkKotlinGradlePluginConfigurationErrors SKIPPED
> Task :expo-constants:checkKotlinGradlePluginConfigurationErrors SKIPPED
> Task :expo-log-box:generateDebugRFile
> Task :react-native-gesture-handler:checkKotlinGradlePluginConfigurationErrors SKIPPED
> Task :react-native-worklets:parseDebugLocalResources FROM-CACHE
> Task :expo:generateDebugBuildConfig
> Task :react-native-svg:compileDebugLibraryResources
> Task :expo-constants:generateDebugBuildConfig
> Task :react-native-gesture-handler:generateDebugBuildConfig
> Task :expo-constants:generateDebugRFile
> Task :expo:javaPreCompileDebug FROM-CACHE
> Task :react-native-worklets:javaPreCompileDebug FROM-CACHE
> Task :react-native-gesture-handler:compileDebugLibraryResources
> Task :expo-modules-core:generateDebugRFile
> Task :expo-constants:javaPreCompileDebug FROM-CACHE
> Task :react-native-svg:generateDebugBuildConfig
> Task :react-native-gesture-handler:javaPreCompileDebug FROM-CACHE
> Task :expo:generateDebugRFile
> Task :react-native-worklets:compileDebugLibraryResources
> Task :react-native-svg:javaPreCompileDebug FROM-CACHE
> Task :react-native-worklets:generateDebugRFile
> Task :react-native-svg:generateDebugRFile
> Task :expo:mergeDebugShaders
> Task :react-native-worklets:mergeDebugShaders
> Task :react-native-gesture-handler:generateDebugRFile
> Task :react-native-gesture-handler:mergeDebugShaders
> Task :expo-constants:mergeDebugShaders
> Task :expo:compileDebugShaders NO-SOURCE
> Task :expo-constants:compileDebugShaders NO-SOURCE
> Task :expo:generateDebugAssets UP-TO-DATE
> Task :react-native-gesture-handler:compileDebugShaders NO-SOURCE
> Task :expo-constants:generateDebugAssets UP-TO-DATE
> Task :react-native-gesture-handler:generateDebugAssets UP-TO-DATE
> Task :react-native-svg:mergeDebugShaders
> Task :expo:mergeDebugAssets
> Task :react-native-gesture-handler:mergeDebugAssets
> Task :expo:mergeDebugJniLibFolders
> Task :react-native-gesture-handler:mergeDebugJniLibFolders
> Task :expo-constants:mergeDebugAssets
> Task :expo:mergeDebugNativeLibs NO-SOURCE
> Task :expo:copyDebugJniLibsProjectOnly
> Task :expo-constants:mergeDebugJniLibFolders
> Task :expo-constants:mergeDebugNativeLibs NO-SOURCE
> Task :expo-constants:copyDebugJniLibsProjectOnly
> Task :app:checkDebugDuplicateClasses
> Task :react-native-worklets:compileDebugShaders NO-SOURCE
> Task :react-native-worklets:generateDebugAssets UP-TO-DATE
> Task :react-native-worklets:mergeDebugAssets
> Task :react-native-worklets:compileDebugKotlin

> Task :react-native-safe-area-context:compileDebugKotlin
w: file:///Users/justinrich/Projects/rnr-ai-elements/.kb-run-sprint/worktrees/sprint-01-installed-app-cold-boots-on-both-platforms/TASK-F8/node_modules/.pnpm/react-native-safe-area-context@5.7.0_react-native@0.86.3_@babel+core@7.29.7_@react-nati_2c56c1da73a72f1a637357a075e52bd7/node_modules/react-native-safe-area-context/android/src/main/java/com/th3rdwave/safeareacontext/SafeAreaProviderManager.kt:39:19 'fun getEventDispatcherForReactTag(context: ReactContext, reactTag: Int): EventDispatcher?' is deprecated. reactTag is no longer needed.
w: file:///Users/justinrich/Projects/rnr-ai-elements/.kb-run-sprint/worktrees/sprint-01-installed-app-cold-boots-on-both-platforms/TASK-F8/node_modules/.pnpm/react-native-safe-area-context@5.7.0_react-native@0.86.3_@babel+core@7.29.7_@react-nati_2c56c1da73a72f1a637357a075e52bd7/node_modules/react-native-safe-area-context/android/src/main/java/com/th3rdwave/safeareacontext/SafeAreaView.kt:9:8 'class UIManagerModule : ReactContextBaseJavaModule, LifecycleEventListener, UIManager' is deprecated. Deprecated in Java.
w: file:///Users/justinrich/Projects/rnr-ai-elements/.kb-run-sprint/worktrees/sprint-01-installed-app-cold-boots-on-both-platforms/TASK-F8/node_modules/.pnpm/react-native-safe-area-context@5.7.0_react-native@0.86.3_@babel+core@7.29.7_@react-nati_2c56c1da73a72f1a637357a075e52bd7/node_modules/react-native-safe-area-context/android/src/main/java/com/th3rdwave/safeareacontext/SafeAreaView.kt:50:54 'class UIManagerModule : ReactContextBaseJavaModule, LifecycleEventListener, UIManager' is deprecated. Deprecated in Java.
w: file:///Users/justinrich/Projects/rnr-ai-elements/.kb-run-sprint/worktrees/sprint-01-installed-app-cold-boots-on-both-platforms/TASK-F8/node_modules/.pnpm/react-native-safe-area-context@5.7.0_react-native@0.86.3_@babel+core@7.29.7_@react-nati_2c56c1da73a72f1a637357a075e52bd7/node_modules/react-native-safe-area-context/android/src/main/java/com/th3rdwave/safeareacontext/SafeAreaView.kt:59:23 'val uiImplementation: UIImplementation!' is deprecated. Deprecated in Java.
w: file:///Users/justinrich/Projects/rnr-ai-elements/.kb-run-sprint/worktrees/sprint-01-installed-app-cold-boots-on-both-platforms/TASK-F8/node_modules/.pnpm/react-native-safe-area-context@5.7.0_react-native@0.86.3_@babel+core@7.29.7_@react-nati_2c56c1da73a72f1a637357a075e52bd7/node_modules/react-native-safe-area-context/android/src/main/java/com/th3rdwave/safeareacontext/SafeAreaViewShadowNode.kt:9:32 'class LayoutShadowNode : ReactShadowNodeImpl' is deprecated. This class is part of Legacy Architecture and will be removed in a future release.
w: file:///Users/justinrich/Projects/rnr-ai-elements/.kb-run-sprint/worktrees/sprint-01-installed-app-cold-boots-on-both-platforms/TASK-F8/node_modules/.pnpm/react-native-safe-area-context@5.7.0_react-native@0.86.3_@babel+core@7.29.7_@react-nati_2c56c1da73a72f1a637357a075e52bd7/node_modules/react-native-safe-area-context/android/src/main/java/com/th3rdwave/safeareacontext/SafeAreaViewShadowNode.kt:110:61 'class NativeViewHierarchyOptimizer : Any' is deprecated. This class is part of Legacy Architecture and will be removed in a future release.

> Task :react-native-masked-view_masked-view:compileDebugJavaWithJavac
Note: /Users/justinrich/Projects/rnr-ai-elements/.kb-run-sprint/worktrees/sprint-01-installed-app-cold-boots-on-both-platforms/TASK-F8/node_modules/.pnpm/@react-native-masked-view+masked-view@0.3.2_react-native@0.86.3_@babel+core@7.29.7_@rea_ce77b5b5946808457c8d6b160d017ead/node_modules/@react-native-masked-view/masked-view/android/src/main/java/org/reactnative/maskedview/RNCMaskedViewPackage.java uses or overrides a deprecated API.
Note: Recompile with -Xlint:deprecation for details.

> Task :react-native-masked-view_masked-view:mergeDebugShaders
> Task :react-native-masked-view_masked-view:compileDebugShaders NO-SOURCE
> Task :react-native-masked-view_masked-view:generateDebugAssets UP-TO-DATE
> Task :react-native-masked-view_masked-view:mergeDebugAssets
> Task :react-native-masked-view_masked-view:processDebugJavaRes NO-SOURCE
> Task :react-native-masked-view_masked-view:bundleLibRuntimeToJarDebug
> Task :react-native-masked-view_masked-view:bundleLibCompileToJarDebug
> Task :react-native-masked-view_masked-view:mergeDebugJniLibFolders
> Task :react-native-masked-view_masked-view:mergeDebugNativeLibs NO-SOURCE
> Task :react-native-masked-view_masked-view:bundleLibRuntimeToDirDebug
> Task :react-native-masked-view_masked-view:copyDebugJniLibsProjectOnly

> Task :react-native-svg:compileDebugJavaWithJavac
Note: Some input files use or override a deprecated API.
Note: Recompile with -Xlint:deprecation for details.
Note: Some input files use unchecked or unsafe operations.
Note: Recompile with -Xlint:unchecked for details.

> Task :react-native-svg:compileDebugShaders NO-SOURCE
> Task :react-native-svg:generateDebugAssets UP-TO-DATE
> Task :react-native-svg:mergeDebugAssets
> Task :react-native-svg:processDebugJavaRes NO-SOURCE
> Task :react-native-svg:mergeDebugJniLibFolders
> Task :react-native-svg:mergeDebugNativeLibs NO-SOURCE
> Task :react-native-svg:copyDebugJniLibsProjectOnly
> Task :react-native-svg:bundleLibCompileToJarDebug
> Task :react-native-svg:bundleLibRuntimeToJarDebug
> Task :react-native-svg:bundleLibRuntimeToDirDebug
> Task :react-native-safe-area-context:compileDebugJavaWithJavac
> Task :react-native-safe-area-context:bundleLibRuntimeToJarDebug
> Task :react-native-safe-area-context:bundleLibCompileToJarDebug
> Task :react-native-safe-area-context:processDebugJavaRes
> Task :react-native-safe-area-context:bundleLibRuntimeToDirDebug
> Task :app:checkDebugAarMetadata
> Task :app:mapDebugSourceSetPaths
> Task :react-native-screens:configureCMakeDebug[arm64-v8a]
> Task :react-native-worklets:configureCMakeDebug[arm64-v8a]
> Task :react-native-screens:generateDebugRFile
> Task :react-native-screens:compileDebugLibraryResources
> Task :react-native-worklets:compileDebugJavaWithJavac
> Task :react-native-worklets:bundleLibRuntimeToJarDebug
> Task :react-native-worklets:bundleLibCompileToJarDebug
> Task :react-native-worklets:processDebugJavaRes
> Task :react-native-worklets:bundleLibRuntimeToDirDebug

> Task :app:processDebugMainManifest
/Users/justinrich/Projects/rnr-ai-elements/.kb-run-sprint/worktrees/sprint-01-installed-app-cold-boots-on-both-platforms/TASK-F8/apps/example/android/app/src/debug/AndroidManifest.xml:6:5-162 Warning:
	application@android:usesCleartextTraffic was tagged at AndroidManifest.xml:6 to replace other declarations but no other declaration present
/Users/justinrich/Projects/rnr-ai-elements/.kb-run-sprint/worktrees/sprint-01-installed-app-cold-boots-on-both-platforms/TASK-F8/apps/example/android/app/src/debug/AndroidManifest.xml Warning:
	provider#expo.modules.filesystem.FileSystemFileProvider@android:authorities was tagged at AndroidManifest.xml:0 to replace other declarations but no other declaration present

> Task :app:expoDebugOverrideMaxSdkConflicts
[33m---------- Expo Max Sdk Override Plugin ----------[0m
[32m>>> No 'android:maxSdkVersion' conflicts found[0m
[33m--------------------------------------------------[0m

> Task :app:processDebugManifest
> Task :app:mergeDebugResources
> Task :app:mergeDebugAssets
> Task :app:compressDebugAssets

> Task :react-native-reanimated:compileDebugKotlin
w: file:///Users/justinrich/Projects/rnr-ai-elements/.kb-run-sprint/worktrees/sprint-01-installed-app-cold-boots-on-both-platforms/TASK-F8/node_modules/.pnpm/react-native-reanimated@4.5.1_react-native-worklets@0.10.1_@babel+core@7.29.7_@react-na_ee9f5702c4ced316c823a90b3755dce0/node_modules/react-native-reanimated/android/src/main/java/com/swmansion/reanimated/NodesManager.kt:13:8 'class UIManagerModule : ReactContextBaseJavaModule, LifecycleEventListener, UIManager' is deprecated. Deprecated in Java.
w: file:///Users/justinrich/Projects/rnr-ai-elements/.kb-run-sprint/worktrees/sprint-01-installed-app-cold-boots-on-both-platforms/TASK-F8/node_modules/.pnpm/react-native-reanimated@4.5.1_react-native-worklets@0.10.1_@babel+core@7.29.7_@react-na_ee9f5702c4ced316c823a90b3755dce0/node_modules/react-native-reanimated/android/src/main/java/com/swmansion/reanimated/NodesManager.kt:58:95 'fun resolveCustomDirectEventName(eventName: String): String?' is deprecated.
w: file:///Users/justinrich/Projects/rnr-ai-elements/.kb-run-sprint/worktrees/sprint-01-installed-app-cold-boots-on-both-platforms/TASK-F8/node_modules/.pnpm/react-native-reanimated@4.5.1_react-native-worklets@0.10.1_@babel+core@7.29.7_@react-na_ee9f5702c4ced316c823a90b3755dce0/node_modules/react-native-reanimated/android/src/main/java/com/swmansion/reanimated/NodesManager.kt:234:29 'fun receiveEvent(surfaceId: Int, targetTag: Int, eventName: String, canCoalesceEvent: Boolean, customCoalesceKey: Int, params: WritableMap?, category: Int): Unit' is deprecated. Use the overload with eventTimestamp parameter instead.
w: file:///Users/justinrich/Projects/rnr-ai-elements/.kb-run-sprint/worktrees/sprint-01-installed-app-cold-boots-on-both-platforms/TASK-F8/node_modules/.pnpm/react-native-reanimated@4.5.1_react-native-worklets@0.10.1_@babel+core@7.29.7_@react-na_ee9f5702c4ced316c823a90b3755dce0/node_modules/react-native-reanimated/android/src/main/java/com/swmansion/reanimated/ReanimatedPackage.kt:5:8 'class ReactInstanceManager : Any' is deprecated. Deprecated in Java.
w: file:///Users/justinrich/Projects/rnr-ai-elements/.kb-run-sprint/worktrees/sprint-01-installed-app-cold-boots-on-both-platforms/TASK-F8/node_modules/.pnpm/react-native-reanimated@4.5.1_react-native-worklets@0.10.1_@babel+core@7.29.7_@react-na_ee9f5702c4ced316c823a90b3755dce0/node_modules/react-native-reanimated/android/src/main/java/com/swmansion/reanimated/ReanimatedPackage.kt:60:73 'class ReactInstanceManager : Any' is deprecated. Deprecated in Java.
w: file:///Users/justinrich/Projects/rnr-ai-elements/.kb-run-sprint/worktrees/sprint-01-installed-app-cold-boots-on-both-platforms/TASK-F8/node_modules/.pnpm/react-native-reanimated@4.5.1_react-native-worklets@0.10.1_@babel+core@7.29.7_@react-na_ee9f5702c4ced316c823a90b3755dce0/node_modules/react-native-reanimated/android/src/main/java/com/swmansion/reanimated/ReanimatedPackage.kt:61:63 'val reactNativeHost: ReactNativeHost' is deprecated. You should not use ReactNativeHost directly in the New Architecture. Use ReactHost instead.
w: file:///Users/justinrich/Projects/rnr-ai-elements/.kb-run-sprint/worktrees/sprint-01-installed-app-cold-boots-on-both-platforms/TASK-F8/node_modules/.pnpm/react-native-reanimated@4.5.1_react-native-worklets@0.10.1_@babel+core@7.29.7_@react-na_ee9f5702c4ced316c823a90b3755dce0/node_modules/react-native-reanimated/android/src/main/java/com/swmansion/reanimated/nativeProxy/EventHandler.kt:7:8 'class UIManagerModule : ReactContextBaseJavaModule, LifecycleEventListener, UIManager' is deprecated. Deprecated in Java.
w: file:///Users/justinrich/Projects/rnr-ai-elements/.kb-run-sprint/worktrees/sprint-01-installed-app-cold-boots-on-both-platforms/TASK-F8/node_modules/.pnpm/react-native-reanimated@4.5.1_react-native-worklets@0.10.1_@babel+core@7.29.7_@react-na_ee9f5702c4ced316c823a90b3755dce0/node_modules/react-native-reanimated/android/src/main/java/com/swmansion/reanimated/nativeProxy/EventHandler.kt:25:18 This declaration overrides a deprecated member but is not marked as deprecated itself. Add the '@Deprecated' annotation or suppress the diagnostic.
w: file:///Users/justinrich/Projects/rnr-ai-elements/.kb-run-sprint/worktrees/sprint-01-installed-app-cold-boots-on-both-platforms/TASK-F8/node_modules/.pnpm/react-native-reanimated@4.5.1_react-native-worklets@0.10.1_@babel+core@7.29.7_@react-na_ee9f5702c4ced316c823a90b3755dce0/node_modules/react-native-reanimated/android/src/main/java/com/swmansion/reanimated/nativeProxy/EventHandler.kt:38:18 This declaration overrides a deprecated member but is not marked as deprecated itself. Add the '@Deprecated' annotation or suppress the diagnostic.
w: file:///Users/justinrich/Projects/rnr-ai-elements/.kb-run-sprint/worktrees/sprint-01-installed-app-cold-boots-on-both-platforms/TASK-F8/node_modules/.pnpm/react-native-reanimated@4.5.1_react-native-worklets@0.10.1_@babel+core@7.29.7_@react-na_ee9f5702c4ced316c823a90b3755dce0/node_modules/react-native-reanimated/android/src/main/java/com/swmansion/reanimated/nativeProxy/EventHandler.kt:48:18 This declaration overrides a deprecated member but is not marked as deprecated itself. Add the '@Deprecated' annotation or suppress the diagnostic.
w: file:///Users/justinrich/Projects/rnr-ai-elements/.kb-run-sprint/worktrees/sprint-01-installed-app-cold-boots-on-both-platforms/TASK-F8/node_modules/.pnpm/react-native-reanimated@4.5.1_react-native-worklets@0.10.1_@babel+core@7.29.7_@react-na_ee9f5702c4ced316c823a90b3755dce0/node_modules/react-native-reanimated/android/src/main/java/com/swmansion/reanimated/nativeProxy/EventHandler.kt:57:18 This declaration overrides a deprecated member but is not marked as deprecated itself. Add the '@Deprecated' annotation or suppress the diagnostic.
w: file:///Users/justinrich/Projects/rnr-ai-elements/.kb-run-sprint/worktrees/sprint-01-installed-app-cold-boots-on-both-platforms/TASK-F8/node_modules/.pnpm/react-native-reanimated@4.5.1_react-native-worklets@0.10.1_@babel+core@7.29.7_@react-na_ee9f5702c4ced316c823a90b3755dce0/node_modules/react-native-reanimated/android/src/main/java/com/swmansion/reanimated/nativeProxy/NoopEventHandler.kt:8:18 This declaration overrides a deprecated member but is not marked as deprecated itself. Add the '@Deprecated' annotation or suppress the diagnostic.
w: file:///Users/justinrich/Projects/rnr-ai-elements/.kb-run-sprint/worktrees/sprint-01-installed-app-cold-boots-on-both-platforms/TASK-F8/node_modules/.pnpm/react-native-reanimated@4.5.1_react-native-worklets@0.10.1_@babel+core@7.29.7_@react-na_ee9f5702c4ced316c823a90b3755dce0/node_modules/react-native-reanimated/android/src/main/java/com/swmansion/reanimated/nativeProxy/NoopEventHandler.kt:20:18 This declaration overrides a deprecated member but is not marked as deprecated itself. Add the '@Deprecated' annotation or suppress the diagnostic.
w: file:///Users/justinrich/Projects/rnr-ai-elements/.kb-run-sprint/worktrees/sprint-01-installed-app-cold-boots-on-both-platforms/TASK-F8/node_modules/.pnpm/react-native-reanimated@4.5.1_react-native-worklets@0.10.1_@babel+core@7.29.7_@react-na_ee9f5702c4ced316c823a90b3755dce0/node_modules/react-native-reanimated/android/src/main/java/com/swmansion/reanimated/nativeProxy/NoopEventHandler.kt:29:18 This declaration overrides a deprecated member but is not marked as deprecated itself. Add the '@Deprecated' annotation or suppress the diagnostic.
w: file:///Users/justinrich/Projects/rnr-ai-elements/.kb-run-sprint/worktrees/sprint-01-installed-app-cold-boots-on-both-platforms/TASK-F8/node_modules/.pnpm/react-native-reanimated@4.5.1_react-native-worklets@0.10.1_@babel+core@7.29.7_@react-na_ee9f5702c4ced316c823a90b3755dce0/node_modules/react-native-reanimated/android/src/main/java/com/swmansion/reanimated/nativeProxy/NoopEventHandler.kt:37:18 This declaration overrides a deprecated member but is not marked as deprecated itself. Add the '@Deprecated' annotation or suppress the diagnostic.
w: file:///Users/justinrich/Projects/rnr-ai-elements/.kb-run-sprint/worktrees/sprint-01-installed-app-cold-boots-on-both-platforms/TASK-F8/node_modules/.pnpm/react-native-reanimated@4.5.1_react-native-worklets@0.10.1_@babel+core@7.29.7_@react-na_ee9f5702c4ced316c823a90b3755dce0/node_modules/react-native-reanimated/android/src/main/java/com/swmansion/reanimated/sensor/ReanimatedSensor.kt:28:26 'val defaultDisplay: Display!' is deprecated. Deprecated in Java.

> Task :react-native-screens:buildCMakeDebug[arm64-v8a]
> Task :react-native-worklets:buildCMakeDebug[arm64-v8a][worklets]
> Task :react-native-worklets:externalNativeBuildDebug
> Task :react-native-worklets:generateJsonModelDebug
> Task :react-native-worklets:prefabDebugConfigurePackage
> Task :react-native-worklets:prefabDebugPackage
> Task :react-native-worklets:mergeDebugJniLibFolders
> Task :react-native-worklets:mergeDebugNativeLibs
> Task :react-native-worklets:copyDebugJniLibsProjectOnly
> Task :react-native-reanimated:compileDebugJavaWithJavac
> Task :react-native-reanimated:processDebugJavaRes
> Task :react-native-reanimated:bundleLibRuntimeToJarDebug
> Task :react-native-reanimated:bundleLibRuntimeToDirDebug
> Task :react-native-reanimated:bundleLibCompileToJarDebug
> Task :react-native-screens:mergeDebugJniLibFolders
> Task :react-native-screens:mergeDebugNativeLibs
> Task :react-native-screens:copyDebugJniLibsProjectOnly
> Task :react-native-reanimated:configureCMakeDebug[arm64-v8a]
> Task :react-native-reanimated:generateJsonModelDebug
> Task :react-native-reanimated:prefabDebugConfigurePackage
> Task :expo-modules-core:configureCMakeDebug[arm64-v8a]

> Task :react-native-gesture-handler:compileDebugKotlin
w: file:///Users/justinrich/Projects/rnr-ai-elements/.kb-run-sprint/worktrees/sprint-01-installed-app-cold-boots-on-both-platforms/TASK-F8/node_modules/.pnpm/react-native-gesture-handler@2.32.0_react-native@0.86.3_@babel+core@7.29.7_@react-nativ_2da1c43a237cd5d18277f65796ac5d60/node_modules/react-native-gesture-handler/android/src/main/java/com/swmansion/gesturehandler/react/Extensions.kt:8:8 'class UIManagerModule : ReactContextBaseJavaModule, LifecycleEventListener, UIManager' is deprecated. Deprecated in Java.
w: file:///Users/justinrich/Projects/rnr-ai-elements/.kb-run-sprint/worktrees/sprint-01-installed-app-cold-boots-on-both-platforms/TASK-F8/node_modules/.pnpm/react-native-gesture-handler@2.32.0_react-native@0.86.3_@babel+core@7.29.7_@react-nativ_2da1c43a237cd5d18277f65796ac5d60/node_modules/react-native-gesture-handler/android/src/main/java/com/swmansion/gesturehandler/react/Extensions.kt:13:29 'class UIManagerModule : ReactContextBaseJavaModule, LifecycleEventListener, UIManager' is deprecated. Deprecated in Java.
w: file:///Users/justinrich/Projects/rnr-ai-elements/.kb-run-sprint/worktrees/sprint-01-installed-app-cold-boots-on-both-platforms/TASK-F8/node_modules/.pnpm/react-native-gesture-handler@2.32.0_react-native@0.86.3_@babel+core@7.29.7_@react-nativ_2da1c43a237cd5d18277f65796ac5d60/node_modules/react-native-gesture-handler/android/src/main/java/com/swmansion/gesturehandler/react/Extensions.kt:14:32 'class UIManagerModule : ReactContextBaseJavaModule, LifecycleEventListener, UIManager' is deprecated. Deprecated in Java.

> Task :expo-modules-core:compileDebugKotlin
> Task :app:processDebugManifestForPackage
> Task :app:mergeExtDexDebug

> Task :expo-modules-core:buildCMakeDebug[arm64-v8a]
C/C++: ninja: Entering directory `/Users/justinrich/Projects/rnr-ai-elements/.kb-run-sprint/worktrees/sprint-01-installed-app-cold-boots-on-both-platforms/TASK-F8/node_modules/.pnpm/expo-modules-core@57.0.16_react-native-worklets@0.10.1_@babel+core@7.29.7_@react-native_3d6d20ac975202fc1c5c16f1e510c554/node_modules/expo-modules-core/android/.cxx/Debug/3v3f3m2m/arm64-v8a'
C/C++: /Users/justinrich/Projects/rnr-ai-elements/.kb-run-sprint/worktrees/sprint-01-installed-app-cold-boots-on-both-platforms/TASK-F8/node_modules/.pnpm/expo-modules-core@57.0.16_react-native-worklets@0.10.1_@babel+core@7.29.7_@react-native_3d6d20ac975202fc1c5c16f1e510c554/node_modules/expo-modules-core/android/src/main/cpp/fabric/ExpoComponentDescriptorFactory.cpp:17:5: warning: 'RawPropsParser' is deprecated [-Wdeprecated-declarations]
C/C++:    17 |     react::RawPropsParser(/*useRawPropsJsiValue=*/true)
C/C++:       |     ^
C/C++: /Users/justinrich/Projects/rnr-ai-elements/.kb-run-sprint/worktrees/sprint-01-installed-app-cold-boots-on-both-platforms/TASK-F8/node_modules/.pnpm/react-native@0.86.3_@babel+core@7.29.7_@react-native+metro-config@0.86.3_@babel+core@7._dcc1ba86c4f0f476b4029bc2604f6bbc/node_modules/react-native/ReactCommon/react/renderer/core/RawPropsParser.h:31:5: note: 'RawPropsParser' has been explicitly marked deprecated here
C/C++:    31 |   [[deprecated]] explicit RawPropsParser(bool /* ignored */) : RawPropsParser() {}
C/C++:       |     ^
C/C++: 1 warning generated.

> Task :expo-modules-core:mergeDebugNativeLibs
> Task :expo-modules-core:copyDebugJniLibsProjectOnly
> Task :react-native-screens:compileDebugKotlin
w: file:///Users/justinrich/Projects/rnr-ai-elements/.kb-run-sprint/worktrees/sprint-01-installed-app-cold-boots-on-both-platforms/TASK-F8/node_modules/.pnpm/react-native-screens@4.26.2_react-native@0.86.3_@babel+core@7.29.7_@react-native+metro-_ed4754302294cfa9e56094c73b6d645f/node_modules/react-native-screens/android/src/main/java/com/swmansion/rnscreens/RNScreensPackage.kt:70:9 The corresponding parameter in the supertype 'BaseReactPackage' is named 'name'. This may cause problems when calling this function with named arguments.
w: file:///Users/justinrich/Projects/rnr-ai-elements/.kb-run-sprint/worktrees/sprint-01-installed-app-cold-boots-on-both-platforms/TASK-F8/node_modules/.pnpm/react-native-screens@4.26.2_react-native@0.86.3_@babel+core@7.29.7_@react-native+metro-_ed4754302294cfa9e56094c73b6d645f/node_modules/react-native-screens/android/src/main/java/com/swmansion/rnscreens/RNScreensPackage.kt:71:9 The corresponding parameter in the supertype 'BaseReactPackage' is named 'reactContext'. This may cause problems when calling this function with named arguments.
w: file:///Users/justinrich/Projects/rnr-ai-elements/.kb-run-sprint/worktrees/sprint-01-installed-app-cold-boots-on-both-platforms/TASK-F8/node_modules/.pnpm/react-native-screens@4.26.2_react-native@0.86.3_@babel+core@7.29.7_@react-native+metro-_ed4754302294cfa9e56094c73b6d645f/node_modules/react-native-screens/android/src/main/java/com/swmansion/rnscreens/RNScreensPackage.kt:83:17 'constructor(name: String, className: String, canOverrideExistingModule: Boolean, needsEagerInit: Boolean, hasConstants: Boolean, isCxxModule: Boolean, isTurboModule: Boolean): ReactModuleInfo' is deprecated. This constructor is deprecated and will be removed in the future. Use ReactModuleInfo(String, String, boolean, boolean, boolean, boolean)].
w: file:///Users/justinrich/Projects/rnr-ai-elements/.kb-run-sprint/worktrees/sprint-01-installed-app-cold-boots-on-both-platforms/TASK-F8/node_modules/.pnpm/react-native-screens@4.26.2_react-native@0.86.3_@babel+core@7.29.7_@react-native+metro-_ed4754302294cfa9e56094c73b6d645f/node_modules/react-native-screens/android/src/main/java/com/swmansion/rnscreens/Screen.kt:54:77 Unchecked cast of '(CoordinatorLayout.Behavior<View!>?..CoordinatorLayout.Behavior<*>?)' to 'BottomSheetBehavior<Screen>'.
w: file:///Users/justinrich/Projects/rnr-ai-elements/.kb-run-sprint/worktrees/sprint-01-installed-app-cold-boots-on-both-platforms/TASK-F8/node_modules/.pnpm/react-native-screens@4.26.2_react-native@0.86.3_@babel+core@7.29.7_@react-native+metro-_ed4754302294cfa9e56094c73b6d645f/node_modules/react-native-screens/android/src/main/java/com/swmansion/rnscreens/Screen.kt:59:33 'fun getEventDispatcherForReactTag(context: ReactContext, reactTag: Int): EventDispatcher?' is deprecated. reactTag is no longer needed.
w: file:///Users/justinrich/Projects/rnr-ai-elements/.kb-run-sprint/worktrees/sprint-01-installed-app-cold-boots-on-both-platforms/TASK-F8/node_modules/.pnpm/react-native-screens@4.26.2_react-native@0.86.3_@babel+core@7.29.7_@react-native+metro-_ed4754302294cfa9e56094c73b6d645f/node_modules/react-native-screens/android/src/main/java/com/swmansion/rnscreens/Screen.kt:516:14 'fun getEventDispatcherForReactTag(context: ReactContext, reactTag: Int): EventDispatcher?' is deprecated. reactTag is no longer needed.
w: file:///Users/justinrich/Projects/rnr-ai-elements/.kb-run-sprint/worktrees/sprint-01-installed-app-cold-boots-on-both-platforms/TASK-F8/node_modules/.pnpm/react-native-screens@4.26.2_react-native@0.86.3_@babel+core@7.29.7_@react-native+metro-_ed4754302294cfa9e56094c73b6d645f/node_modules/react-native-screens/android/src/main/java/com/swmansion/rnscreens/ScreenContainer.kt:250:18 'fun getEventDispatcherForReactTag(context: ReactContext, reactTag: Int): EventDispatcher?' is deprecated. reactTag is no longer needed.
w: file:///Users/justinrich/Projects/rnr-ai-elements/.kb-run-sprint/worktrees/sprint-01-installed-app-cold-boots-on-both-platforms/TASK-F8/node_modules/.pnpm/react-native-screens@4.26.2_react-native@0.86.3_@babel+core@7.29.7_@react-native+metro-_ed4754302294cfa9e56094c73b6d645f/node_modules/react-native-screens/android/src/main/java/com/swmansion/rnscreens/ScreenContainer.kt:260:18 'fun getEventDispatcherForReactTag(context: ReactContext, reactTag: Int): EventDispatcher?' is deprecated. reactTag is no longer needed.
w: file:///Users/justinrich/Projects/rnr-ai-elements/.kb-run-sprint/worktrees/sprint-01-installed-app-cold-boots-on-both-platforms/TASK-F8/node_modules/.pnpm/react-native-screens@4.26.2_react-native@0.86.3_@babel+core@7.29.7_@react-native+metro-_ed4754302294cfa9e56094c73b6d645f/node_modules/react-native-screens/android/src/main/java/com/swmansion/rnscreens/ScreenFragment.kt:225:37 'fun getEventDispatcherForReactTag(context: ReactContext, reactTag: Int): EventDispatcher?' is deprecated. reactTag is no longer needed.
w: file:///Users/justinrich/Projects/rnr-ai-elements/.kb-run-sprint/worktrees/sprint-01-installed-app-cold-boots-on-both-platforms/TASK-F8/node_modules/.pnpm/react-native-screens@4.26.2_react-native@0.86.3_@babel+core@7.29.7_@react-native+metro-_ed4754302294cfa9e56094c73b6d645f/node_modules/react-native-screens/android/src/main/java/com/swmansion/rnscreens/ScreenFragment.kt:242:14 'fun getEventDispatcherForReactTag(context: ReactContext, reactTag: Int): EventDispatcher?' is deprecated. reactTag is no longer needed.
w: file:///Users/justinrich/Projects/rnr-ai-elements/.kb-run-sprint/worktrees/sprint-01-installed-app-cold-boots-on-both-platforms/TASK-F8/node_modules/.pnpm/react-native-screens@4.26.2_react-native@0.86.3_@babel+core@7.29.7_@react-native+metro-_ed4754302294cfa9e56094c73b6d645f/node_modules/react-native-screens/android/src/main/java/com/swmansion/rnscreens/ScreenFragment.kt:258:22 'fun getEventDispatcherForReactTag(context: ReactContext, reactTag: Int): EventDispatcher?' is deprecated. reactTag is no longer needed.
w: file:///Users/justinrich/Projects/rnr-ai-elements/.kb-run-sprint/worktrees/sprint-01-installed-app-cold-boots-on-both-platforms/TASK-F8/node_modules/.pnpm/react-native-screens@4.26.2_react-native@0.86.3_@babel+core@7.29.7_@react-native+metro-_ed4754302294cfa9e56094c73b6d645f/node_modules/react-native-screens/android/src/main/java/com/swmansion/rnscreens/ScreenFragment.kt:327:22 'fun getEventDispatcherForReactTag(context: ReactContext, reactTag: Int): EventDispatcher?' is deprecated. reactTag is no longer needed.
w: file:///Users/justinrich/Projects/rnr-ai-elements/.kb-run-sprint/worktrees/sprint-01-installed-app-cold-boots-on-both-platforms/TASK-F8/node_modules/.pnpm/react-native-screens@4.26.2_react-native@0.86.3_@babel+core@7.29.7_@react-native+metro-_ed4754302294cfa9e56094c73b6d645f/node_modules/react-native-screens/android/src/main/java/com/swmansion/rnscreens/ScreenModalFragment.kt:180:22 'fun getEventDispatcherForReactTag(context: ReactContext, reactTag: Int): EventDispatcher?' is deprecated. reactTag is no longer needed.
w: file:///Users/justinrich/Projects/rnr-ai-elements/.kb-run-sprint/worktrees/sprint-01-installed-app-cold-boots-on-both-platforms/TASK-F8/node_modules/.pnpm/react-native-screens@4.26.2_react-native@0.86.3_@babel+core@7.29.7_@react-native+metro-_ed4754302294cfa9e56094c73b6d645f/node_modules/react-native-screens/android/src/main/java/com/swmansion/rnscreens/ScreenStack.kt:120:14 'fun getEventDispatcherForReactTag(context: ReactContext, reactTag: Int): EventDispatcher?' is deprecated. reactTag is no longer needed.
w: file:///Users/justinrich/Projects/rnr-ai-elements/.kb-run-sprint/worktrees/sprint-01-installed-app-cold-boots-on-both-platforms/TASK-F8/node_modules/.pnpm/react-native-screens@4.26.2_react-native@0.86.3_@babel+core@7.29.7_@react-native+metro-_ed4754302294cfa9e56094c73b6d645f/node_modules/react-native-screens/android/src/main/java/com/swmansion/rnscreens/ScreenStackFragment.kt:173:18 'fun getEventDispatcherForReactTag(context: ReactContext, reactTag: Int): EventDispatcher?' is deprecated. reactTag is no longer needed.
w: file:///Users/justinrich/Projects/rnr-ai-elements/.kb-run-sprint/worktrees/sprint-01-installed-app-cold-boots-on-both-platforms/TASK-F8/node_modules/.pnpm/react-native-screens@4.26.2_react-native@0.86.3_@babel+core@7.29.7_@react-native+metro-_ed4754302294cfa9e56094c73b6d645f/node_modules/react-native-screens/android/src/main/java/com/swmansion/rnscreens/ScreenStackFragment.kt:230:31 'var targetElevation: Float' is deprecated. Deprecated in Java.
w: file:///Users/justinrich/Projects/rnr-ai-elements/.kb-run-sprint/worktrees/sprint-01-installed-app-cold-boots-on-both-platforms/TASK-F8/node_modules/.pnpm/react-native-screens@4.26.2_react-native@0.86.3_@babel+core@7.29.7_@react-native+metro-_ed4754302294cfa9e56094c73b6d645f/node_modules/react-native-screens/android/src/main/java/com/swmansion/rnscreens/ScreenStackFragment.kt:233:13 'fun setHasOptionsMenu(p0: Boolean): Unit' is deprecated. Deprecated in Java.
w: file:///Users/justinrich/Projects/rnr-ai-elements/.kb-run-sprint/worktrees/sprint-01-installed-app-cold-boots-on-both-platforms/TASK-F8/node_modules/.pnpm/react-native-screens@4.26.2_react-native@0.86.3_@babel+core@7.29.7_@react-native+metro-_ed4754302294cfa9e56094c73b6d645f/node_modules/react-native-screens/android/src/main/java/com/swmansion/rnscreens/ScreenStackFragment.kt:443:18 This declaration overrides a deprecated member but is not marked as deprecated itself. Add the '@Deprecated' annotation or suppress the diagnostic.
w: file:///Users/justinrich/Projects/rnr-ai-elements/.kb-run-sprint/worktrees/sprint-01-installed-app-cold-boots-on-both-platforms/TASK-F8/node_modules/.pnpm/react-native-screens@4.26.2_react-native@0.86.3_@babel+core@7.29.7_@react-native+metro-_ed4754302294cfa9e56094c73b6d645f/node_modules/react-native-screens/android/src/main/java/com/swmansion/rnscreens/ScreenStackFragment.kt:450:22 'fun onPrepareOptionsMenu(p0: Menu): Unit' is deprecated. Deprecated in Java.
w: file:///Users/justinrich/Projects/rnr-ai-elements/.kb-run-sprint/worktrees/sprint-01-installed-app-cold-boots-on-both-platforms/TASK-F8/node_modules/.pnpm/react-native-screens@4.26.2_react-native@0.86.3_@babel+core@7.29.7_@react-native+metro-_ed4754302294cfa9e56094c73b6d645f/node_modules/react-native-screens/android/src/main/java/com/swmansion/rnscreens/ScreenStackFragment.kt:453:18 This declaration overrides a deprecated member but is not marked as deprecated itself. Add the '@Deprecated' annotation or suppress the diagnostic.
w: file:///Users/justinrich/Projects/rnr-ai-elements/.kb-run-sprint/worktrees/sprint-01-installed-app-cold-boots-on-both-platforms/TASK-F8/node_modules/.pnpm/react-native-screens@4.26.2_react-native@0.86.3_@babel+core@7.29.7_@react-native+metro-_ed4754302294cfa9e56094c73b6d645f/node_modules/react-native-screens/android/src/main/java/com/swmansion/rnscreens/ScreenStackFragment.kt:458:22 'fun onCreateOptionsMenu(p0: Menu, p1: MenuInflater): Unit' is deprecated. Deprecated in Java.
w: file:///Users/justinrich/Projects/rnr-ai-elements/.kb-run-sprint/worktrees/sprint-01-installed-app-cold-boots-on-both-platforms/TASK-F8/node_modules/.pnpm/react-native-screens@4.26.2_react-native@0.86.3_@babel+core@7.29.7_@react-native+metro-_ed4754302294cfa9e56094c73b6d645f/node_modules/react-native-screens/android/src/main/java/com/swmansion/rnscreens/ScreenStackHeaderConfig.kt:199:14 'fun getEventDispatcherForReactTag(context: ReactContext, reactTag: Int): EventDispatcher?' is deprecated. reactTag is no longer needed.
w: file:///Users/justinrich/Projects/rnr-ai-elements/.kb-run-sprint/worktrees/sprint-01-installed-app-cold-boots-on-both-platforms/TASK-F8/node_modules/.pnpm/react-native-screens@4.26.2_react-native@0.86.3_@babel+core@7.29.7_@react-native+metro-_ed4754302294cfa9e56094c73b6d645f/node_modules/react-native-screens/android/src/main/java/com/swmansion/rnscreens/ScreenStackHeaderConfig.kt:209:14 'fun getEventDispatcherForReactTag(context: ReactContext, reactTag: Int): EventDispatcher?' is deprecated. reactTag is no longer needed.
w: file:///Users/justinrich/Projects/rnr-ai-elements/.kb-run-sprint/worktrees/sprint-01-installed-app-cold-boots-on-both-platforms/TASK-F8/node_modules/.pnpm/react-native-screens@4.26.2_react-native@0.86.3_@babel+core@7.29.7_@react-native+metro-_ed4754302294cfa9e56094c73b6d645f/node_modules/react-native-screens/android/src/main/java/com/swmansion/rnscreens/ScreenWindowTraits.kt:48:42 'fun replaceSystemWindowInsets(p0: Int, p1: Int, p2: Int, p3: Int): @NonNull() WindowInsetsCompat' is deprecated. Deprecated in Java.
w: file:///Users/justinrich/Projects/rnr-ai-elements/.kb-run-sprint/worktrees/sprint-01-installed-app-cold-boots-on-both-platforms/TASK-F8/node_modules/.pnpm/react-native-screens@4.26.2_react-native@0.86.3_@babel+core@7.29.7_@react-native+metro-_ed4754302294cfa9e56094c73b6d645f/node_modules/react-native-screens/android/src/main/java/com/swmansion/rnscreens/ScreenWindowTraits.kt:49:39 'val systemWindowInsetLeft: Int' is deprecated. Deprecated in Java.
w: file:///Users/justinrich/Projects/rnr-ai-elements/.kb-run-sprint/worktrees/sprint-01-installed-app-cold-boots-on-both-platforms/TASK-F8/node_modules/.pnpm/react-native-screens@4.26.2_react-native@0.86.3_@babel+core@7.29.7_@react-native+metro-_ed4754302294cfa9e56094c73b6d645f/node_modules/react-native-screens/android/src/main/java/com/swmansion/rnscreens/ScreenWindowTraits.kt:51:39 'val systemWindowInsetRight: Int' is deprecated. Deprecated in Java.
w: file:///Users/justinrich/Projects/rnr-ai-elements/.kb-run-sprint/worktrees/sprint-01-installed-app-cold-boots-on-both-platforms/TASK-F8/node_modules/.pnpm/react-native-screens@4.26.2_react-native@0.86.3_@babel+core@7.29.7_@react-native+metro-_ed4754302294cfa9e56094c73b6d645f/node_modules/react-native-screens/android/src/main/java/com/swmansion/rnscreens/ScreenWindowTraits.kt:52:39 'val systemWindowInsetBottom: Int' is deprecated. Deprecated in Java.
w: file:///Users/justinrich/Projects/rnr-ai-elements/.kb-run-sprint/worktrees/sprint-01-installed-app-cold-boots-on-both-platforms/TASK-F8/node_modules/.pnpm/react-native-screens@4.26.2_react-native@0.86.3_@babel+core@7.29.7_@react-native+metro-_ed4754302294cfa9e56094c73b6d645f/node_modules/react-native-screens/android/src/main/java/com/swmansion/rnscreens/ScreensModule.kt:100:14 'fun getEventDispatcherForReactTag(context: ReactContext, reactTag: Int): EventDispatcher?' is deprecated. reactTag is no longer needed.
w: file:///Users/justinrich/Projects/rnr-ai-elements/.kb-run-sprint/worktrees/sprint-01-installed-app-cold-boots-on-both-platforms/TASK-F8/node_modules/.pnpm/react-native-screens@4.26.2_react-native@0.86.3_@babel+core@7.29.7_@react-native+metro-_ed4754302294cfa9e56094c73b6d645f/node_modules/react-native-screens/android/src/main/java/com/swmansion/rnscreens/SearchBarView.kt:137:29 'fun getEventDispatcherForReactTag(context: ReactContext, reactTag: Int): EventDispatcher?' is deprecated. reactTag is no longer needed.
w: file:///Users/justinrich/Projects/rnr-ai-elements/.kb-run-sprint/worktrees/sprint-01-installed-app-cold-boots-on-both-platforms/TASK-F8/node_modules/.pnpm/react-native-screens@4.26.2_react-native@0.86.3_@babel+core@7.29.7_@react-native+metro-_ed4754302294cfa9e56094c73b6d645f/node_modules/react-native-screens/android/src/main/java/com/swmansion/rnscreens/bottomsheet/BottomSheetDialogRootView.kt:7:8 'object ReactFeatureFlags : Any' is deprecated. Use com.facebook.react.internal.featureflags.ReactNativeFeatureFlags instead.
w: file:///Users/justinrich/Projects/rnr-ai-elements/.kb-run-sprint/worktrees/sprint-01-installed-app-cold-boots-on-both-platforms/TASK-F8/node_modules/.pnpm/react-native-screens@4.26.2_react-native@0.86.3_@babel+core@7.29.7_@react-native+metro-_ed4754302294cfa9e56094c73b6d645f/node_modules/react-native-screens/android/src/main/java/com/swmansion/rnscreens/bottomsheet/BottomSheetDialogRootView.kt:25:13 'object ReactFeatureFlags : Any' is deprecated. Use com.facebook.react.internal.featureflags.ReactNativeFeatureFlags instead.
w: file:///Users/justinrich/Projects/rnr-ai-elements/.kb-run-sprint/worktrees/sprint-01-installed-app-cold-boots-on-both-platforms/TASK-F8/node_modules/.pnpm/react-native-screens@4.26.2_react-native@0.86.3_@babel+core@7.29.7_@react-native+metro-_ed4754302294cfa9e56094c73b6d645f/node_modules/react-native-screens/android/src/main/java/com/swmansion/rnscreens/bottomsheet/BottomSheetDialogRootView.kt:32:9 The corresponding parameter in the supertype 'ReactViewGroup' is named 'left'. This may cause problems when calling this function with named arguments.
w: file:///Users/justinrich/Projects/rnr-ai-elements/.kb-run-sprint/worktrees/sprint-01-installed-app-cold-boots-on-both-platforms/TASK-F8/node_modules/.pnpm/react-native-screens@4.26.2_react-native@0.86.3_@babel+core@7.29.7_@react-native+metro-_ed4754302294cfa9e56094c73b6d645f/node_modules/react-native-screens/android/src/main/java/com/swmansion/rnscreens/bottomsheet/BottomSheetDialogRootView.kt:33:9 The corresponding parameter in the supertype 'ReactViewGroup' is named 'top'. This may cause problems when calling this function with named arguments.
w: file:///Users/justinrich/Projects/rnr-ai-elements/.kb-run-sprint/worktrees/sprint-01-installed-app-cold-boots-on-both-platforms/TASK-F8/node_modules/.pnpm/react-native-screens@4.26.2_react-native@0.86.3_@babel+core@7.29.7_@react-native+metro-_ed4754302294cfa9e56094c73b6d645f/node_modules/react-native-screens/android/src/main/java/com/swmansion/rnscreens/bottomsheet/BottomSheetDialogRootView.kt:34:9 The corresponding parameter in the supertype 'ReactViewGroup' is named 'right'. This may cause problems when calling this function with named arguments.
w: file:///Users/justinrich/Projects/rnr-ai-elements/.kb-run-sprint/worktrees/sprint-01-installed-app-cold-boots-on-both-platforms/TASK-F8/node_modules/.pnpm/react-native-screens@4.26.2_react-native@0.86.3_@babel+core@7.29.7_@react-native+metro-_ed4754302294cfa9e56094c73b6d645f/node_modules/react-native-screens/android/src/main/java/com/swmansion/rnscreens/bottomsheet/BottomSheetDialogRootView.kt:35:9 The corresponding parameter in the supertype 'ReactViewGroup' is named 'bottom'. This may cause problems when calling this function with named arguments.
w: file:///Users/justinrich/Projects/rnr-ai-elements/.kb-run-sprint/worktrees/sprint-01-installed-app-cold-boots-on-both-platforms/TASK-F8/node_modules/.pnpm/react-native-screens@4.26.2_react-native@0.86.3_@babel+core@7.29.7_@react-native+metro-_ed4754302294cfa9e56094c73b6d645f/node_modules/react-native-screens/android/src/main/java/com/swmansion/rnscreens/bottomsheet/BottomSheetDialogRootView.kt:71:9 The corresponding parameter in the supertype 'RootView' is named 'childView'. This may cause problems when calling this function with named arguments.
w: file:///Users/justinrich/Projects/rnr-ai-elements/.kb-run-sprint/worktrees/sprint-01-installed-app-cold-boots-on-both-platforms/TASK-F8/node_modules/.pnpm/react-native-screens@4.26.2_react-native@0.86.3_@babel+core@7.29.7_@react-native+metro-_ed4754302294cfa9e56094c73b6d645f/node_modules/react-native-screens/android/src/main/java/com/swmansion/rnscreens/bottomsheet/BottomSheetDialogRootView.kt:72:9 The corresponding parameter in the supertype 'RootView' is named 'ev'. This may cause problems when calling this function with named arguments.
w: file:///Users/justinrich/Projects/rnr-ai-elements/.kb-run-sprint/worktrees/sprint-01-installed-app-cold-boots-on-both-platforms/TASK-F8/node_modules/.pnpm/react-native-screens@4.26.2_react-native@0.86.3_@babel+core@7.29.7_@react-native+metro-_ed4754302294cfa9e56094c73b6d645f/node_modules/react-native-screens/android/src/main/java/com/swmansion/rnscreens/bottomsheet/BottomSheetDialogRootView.kt:79:46 The corresponding parameter in the supertype 'RootView' is named 'ev'. This may cause problems when calling this function with named arguments.
w: file:///Users/justinrich/Projects/rnr-ai-elements/.kb-run-sprint/worktrees/sprint-01-installed-app-cold-boots-on-both-platforms/TASK-F8/node_modules/.pnpm/react-native-screens@4.26.2_react-native@0.86.3_@babel+core@7.29.7_@react-native+metro-_ed4754302294cfa9e56094c73b6d645f/node_modules/react-native-screens/android/src/main/java/com/swmansion/rnscreens/bottomsheet/BottomSheetDialogRootView.kt:83:9 The corresponding parameter in the supertype 'RootView' is named 'childView'. This may cause problems when calling this function with named arguments.
w: file:///Users/justinrich/Projects/rnr-ai-elements/.kb-run-sprint/worktrees/sprint-01-installed-app-cold-boots-on-both-platforms/TASK-F8/node_modules/.pnpm/react-native-screens@4.26.2_react-native@0.86.3_@babel+core@7.29.7_@react-native+metro-_ed4754302294cfa9e56094c73b6d645f/node_modules/react-native-screens/android/src/main/java/com/swmansion/rnscreens/bottomsheet/BottomSheetDialogRootView.kt:84:9 The corresponding parameter in the supertype 'RootView' is named 'ev'. This may cause problems when calling this function with named arguments.
w: file:///Users/justinrich/Projects/rnr-ai-elements/.kb-run-sprint/worktrees/sprint-01-installed-app-cold-boots-on-both-platforms/TASK-F8/node_modules/.pnpm/react-native-screens@4.26.2_react-native@0.86.3_@babel+core@7.29.7_@react-native+metro-_ed4754302294cfa9e56094c73b6d645f/node_modules/react-native-screens/android/src/main/java/com/swmansion/rnscreens/bottomsheet/BottomSheetDialogRootView.kt:95:34 The corresponding parameter in the supertype 'RootView' is named 't'. This may cause problems when calling this function with named arguments.
w: file:///Users/justinrich/Projects/rnr-ai-elements/.kb-run-sprint/worktrees/sprint-01-installed-app-cold-boots-on-both-platforms/TASK-F8/node_modules/.pnpm/react-native-screens@4.26.2_react-native@0.86.3_@babel+core@7.29.7_@react-native+metro-_ed4754302294cfa9e56094c73b6d645f/node_modules/react-native-screens/android/src/main/java/com/swmansion/rnscreens/bottomsheet/DimmingView.kt:64:9 The corresponding parameter in the supertype 'ReactCompoundView' is named 'touchX'. This may cause problems when calling this function with named arguments.
w: file:///Users/justinrich/Projects/rnr-ai-elements/.kb-run-sprint/worktrees/sprint-01-installed-app-cold-boots-on-both-platforms/TASK-F8/node_modules/.pnpm/react-native-screens@4.26.2_react-native@0.86.3_@babel+core@7.29.7_@react-native+metro-_ed4754302294cfa9e56094c73b6d645f/node_modules/react-native-screens/android/src/main/java/com/swmansion/rnscreens/bottomsheet/DimmingView.kt:65:9 The corresponding parameter in the supertype 'ReactCompoundView' is named 'touchY'. This may cause problems when calling this function with named arguments.
w: file:///Users/justinrich/Projects/rnr-ai-elements/.kb-run-sprint/worktrees/sprint-01-installed-app-cold-boots-on-both-platforms/TASK-F8/node_modules/.pnpm/react-native-screens@4.26.2_react-native@0.86.3_@babel+core@7.29.7_@react-native+metro-_ed4754302294cfa9e56094c73b6d645f/node_modules/react-native-screens/android/src/main/java/com/swmansion/rnscreens/bottomsheet/DimmingView.kt:69:9 The corresponding parameter in the supertype 'ReactCompoundViewGroup' is named 'touchX'. This may cause problems when calling this function with named arguments.
w: file:///Users/justinrich/Projects/rnr-ai-elements/.kb-run-sprint/worktrees/sprint-01-installed-app-cold-boots-on-both-platforms/TASK-F8/node_modules/.pnpm/react-native-screens@4.26.2_react-native@0.86.3_@babel+core@7.29.7_@react-native+metro-_ed4754302294cfa9e56094c73b6d645f/node_modules/react-native-screens/android/src/main/java/com/swmansion/rnscreens/bottomsheet/DimmingView.kt:70:9 The corresponding parameter in the supertype 'ReactCompoundViewGroup' is named 'touchY'. This may cause problems when calling this function with named arguments.
w: file:///Users/justinrich/Projects/rnr-ai-elements/.kb-run-sprint/worktrees/sprint-01-installed-app-cold-boots-on-both-platforms/TASK-F8/node_modules/.pnpm/react-native-screens@4.26.2_react-native@0.86.3_@babel+core@7.29.7_@react-native+metro-_ed4754302294cfa9e56094c73b6d645f/node_modules/react-native-screens/android/src/main/java/com/swmansion/rnscreens/gamma/common/event/BaseEventEmitter.kt:12:38 'fun getEventDispatcherForReactTag(context: ReactContext, reactTag: Int): EventDispatcher?' is deprecated. reactTag is no longer needed.
w: file:///Users/justinrich/Projects/rnr-ai-elements/.kb-run-sprint/worktrees/sprint-01-installed-app-cold-boots-on-both-platforms/TASK-F8/node_modules/.pnpm/react-native-screens@4.26.2_react-native@0.86.3_@babel+core@7.29.7_@react-native+metro-_ed4754302294cfa9e56094c73b6d645f/node_modules/react-native-screens/android/src/main/java/com/swmansion/rnscreens/gamma/modals/dimmingview/DimmingView.kt:64:9 The corresponding parameter in the supertype 'ReactCompoundView' is named 'touchX'. This may cause problems when calling this function with named arguments.
w: file:///Users/justinrich/Projects/rnr-ai-elements/.kb-run-sprint/worktrees/sprint-01-installed-app-cold-boots-on-both-platforms/TASK-F8/node_modules/.pnpm/react-native-screens@4.26.2_react-native@0.86.3_@babel+core@7.29.7_@react-native+metro-_ed4754302294cfa9e56094c73b6d645f/node_modules/react-native-screens/android/src/main/java/com/swmansion/rnscreens/gamma/modals/dimmingview/DimmingView.kt:65:9 The corresponding parameter in the supertype 'ReactCompoundView' is named 'touchY'. This may cause problems when calling this function with named arguments.
w: file:///Users/justinrich/Projects/rnr-ai-elements/.kb-run-sprint/worktrees/sprint-01-installed-app-cold-boots-on-both-platforms/TASK-F8/node_modules/.pnpm/react-native-screens@4.26.2_react-native@0.86.3_@babel+core@7.29.7_@react-native+metro-_ed4754302294cfa9e56094c73b6d645f/node_modules/react-native-screens/android/src/main/java/com/swmansion/rnscreens/gamma/modals/dimmingview/DimmingView.kt:69:9 The corresponding parameter in the supertype 'ReactCompoundViewGroup' is named 'touchX'. This may cause problems when calling this function with named arguments.
w: file:///Users/justinrich/Projects/rnr-ai-elements/.kb-run-sprint/worktrees/sprint-01-installed-app-cold-boots-on-both-platforms/TASK-F8/node_modules/.pnpm/react-native-screens@4.26.2_react-native@0.86.3_@babel+core@7.29.7_@react-native+metro-_ed4754302294cfa9e56094c73b6d645f/node_modules/react-native-screens/android/src/main/java/com/swmansion/rnscreens/gamma/modals/dimmingview/DimmingView.kt:70:9 The corresponding parameter in the supertype 'ReactCompoundViewGroup' is named 'touchY'. This may cause problems when calling this function with named arguments.
w: file:///Users/justinrich/Projects/rnr-ai-elements/.kb-run-sprint/worktrees/sprint-01-installed-app-cold-boots-on-both-platforms/TASK-F8/node_modules/.pnpm/react-native-screens@4.26.2_react-native@0.86.3_@babel+core@7.29.7_@react-native+metro-_ed4754302294cfa9e56094c73b6d645f/node_modules/react-native-screens/android/src/main/java/com/swmansion/rnscreens/gamma/modals/formsheet/FormSheetContentView.kt:11:8 'object ReactFeatureFlags : Any' is deprecated. Use com.facebook.react.internal.featureflags.ReactNativeFeatureFlags instead.
w: file:///Users/justinrich/Projects/rnr-ai-elements/.kb-run-sprint/worktrees/sprint-01-installed-app-cold-boots-on-both-platforms/TASK-F8/node_modules/.pnpm/react-native-screens@4.26.2_react-native@0.86.3_@babel+core@7.29.7_@react-native+metro-_ed4754302294cfa9e56094c73b6d645f/node_modules/react-native-screens/android/src/main/java/com/swmansion/rnscreens/gamma/modals/formsheet/FormSheetContentView.kt:39:33 'fun getEventDispatcher(context: ReactContext, uiManagerType: Int): EventDispatcher?' is deprecated. UIManagerType is no longer needed.
w: file:///Users/justinrich/Projects/rnr-ai-elements/.kb-run-sprint/worktrees/sprint-01-installed-app-cold-boots-on-both-platforms/TASK-F8/node_modules/.pnpm/react-native-screens@4.26.2_react-native@0.86.3_@babel+core@7.29.7_@react-native+metro-_ed4754302294cfa9e56094c73b6d645f/node_modules/react-native-screens/android/src/main/java/com/swmansion/rnscreens/gamma/modals/formsheet/FormSheetContentView.kt:44:13 'object ReactFeatureFlags : Any' is deprecated. Use com.facebook.react.internal.featureflags.ReactNativeFeatureFlags instead.
w: file:///Users/justinrich/Projects/rnr-ai-elements/.kb-run-sprint/worktrees/sprint-01-installed-app-cold-boots-on-both-platforms/TASK-F8/node_modules/.pnpm/react-native-screens@4.26.2_react-native@0.86.3_@babel+core@7.29.7_@react-native+metro-_ed4754302294cfa9e56094c73b6d645f/node_modules/react-native-screens/android/src/main/java/com/swmansion/rnscreens/gamma/modals/formsheet/FormSheetHostViewManager.kt:38:9 The corresponding parameter in the supertype 'FormSheetHostViewManager' is named 'view'. This may cause problems when calling this function with named arguments.
w: file:///Users/justinrich/Projects/rnr-ai-elements/.kb-run-sprint/worktrees/sprint-01-installed-app-cold-boots-on-both-platforms/TASK-F8/node_modules/.pnpm/react-native-screens@4.26.2_react-native@0.86.3_@babel+core@7.29.7_@react-native+metro-_ed4754302294cfa9e56094c73b6d645f/node_modules/react-native-screens/android/src/main/java/com/swmansion/rnscreens/gamma/tabs/host/TabsHostViewManager.kt:44:9 The corresponding parameter in the supertype 'TabsHostViewManager' is named 'view'. This may cause problems when calling this function with named arguments.
w: file:///Users/justinrich/Projects/rnr-ai-elements/.kb-run-sprint/worktrees/sprint-01-installed-app-cold-boots-on-both-platforms/TASK-F8/node_modules/.pnpm/react-native-screens@4.26.2_react-native@0.86.3_@babel+core@7.29.7_@react-native+metro-_ed4754302294cfa9e56094c73b6d645f/node_modules/react-native-screens/android/src/main/java/com/swmansion/rnscreens/safearea/SafeAreaView.kt:143:45 'fun consumeDisplayCutout(): @NonNull() WindowInsetsCompat' is deprecated. Deprecated in Java.

> Task :react-native-screens:compileDebugJavaWithJavac
> Task :react-native-screens:processDebugJavaRes
> Task :react-native-screens:bundleLibCompileToJarDebug
> Task :react-native-screens:bundleLibRuntimeToJarDebug
> Task :react-native-screens:bundleLibRuntimeToDirDebug
> Task :react-native-reanimated:buildCMakeDebug[arm64-v8a][reanimated]
> Task :react-native-gesture-handler:configureCMakeDebug[arm64-v8a]
> Task :react-native-reanimated:externalNativeBuildDebug

> Task :expo-modules-core:compileDebugKotlin
w: file:///Users/justinrich/Projects/rnr-ai-elements/.kb-run-sprint/worktrees/sprint-01-installed-app-cold-boots-on-both-platforms/TASK-F8/node_modules/.pnpm/expo-modules-core@57.0.16_react-native-worklets@0.10.1_@babel+core@7.29.7_@react-native_3d6d20ac975202fc1c5c16f1e510c554/node_modules/expo-modules-core/android/src/main/java/expo/modules/apploader/AppLoaderProvider.kt:34:52 Unchecked cast of 'Class<*>!' to 'Class<out HeadlessAppLoader>'.
w: file:///Users/justinrich/Projects/rnr-ai-elements/.kb-run-sprint/worktrees/sprint-01-installed-app-cold-boots-on-both-platforms/TASK-F8/node_modules/.pnpm/expo-modules-core@57.0.16_react-native-worklets@0.10.1_@babel+core@7.29.7_@react-native_3d6d20ac975202fc1c5c16f1e510c554/node_modules/expo-modules-core/android/src/main/java/expo/modules/kotlin/AppContext.kt:14:8 'class UIManagerModule : ReactContextBaseJavaModule, LifecycleEventListener, UIManager' is deprecated. Deprecated in Java.
w: file:///Users/justinrich/Projects/rnr-ai-elements/.kb-run-sprint/worktrees/sprint-01-installed-app-cold-boots-on-both-platforms/TASK-F8/node_modules/.pnpm/expo-modules-core@57.0.16_react-native-worklets@0.10.1_@babel+core@7.29.7_@react-native_3d6d20ac975202fc1c5c16f1e510c554/node_modules/expo-modules-core/android/src/main/java/expo/modules/kotlin/AppContext.kt:22:8 'typealias ErrorManagerModule = JSLoggerModule' is deprecated. Use JSLoggerModule instead.
w: file:///Users/justinrich/Projects/rnr-ai-elements/.kb-run-sprint/worktrees/sprint-01-installed-app-cold-boots-on-both-platforms/TASK-F8/node_modules/.pnpm/expo-modules-core@57.0.16_react-native-worklets@0.10.1_@babel+core@7.29.7_@react-native_3d6d20ac975202fc1c5c16f1e510c554/node_modules/expo-modules-core/android/src/main/java/expo/modules/kotlin/AppContext.kt:61:13 'val hostingRuntimeContext: MainRuntime' is deprecated. Use AppContext.runtimeContext instead.
w: file:///Users/justinrich/Projects/rnr-ai-elements/.kb-run-sprint/worktrees/sprint-01-installed-app-cold-boots-on-both-platforms/TASK-F8/node_modules/.pnpm/expo-modules-core@57.0.16_react-native-worklets@0.10.1_@babel+core@7.29.7_@react-native_3d6d20ac975202fc1c5c16f1e510c554/node_modules/expo-modules-core/android/src/main/java/expo/modules/kotlin/AppContext.kt:271:21 'typealias ErrorManagerModule = JSLoggerModule' is deprecated. Use JSLoggerModule instead.
w: file:///Users/justinrich/Projects/rnr-ai-elements/.kb-run-sprint/worktrees/sprint-01-installed-app-cold-boots-on-both-platforms/TASK-F8/node_modules/.pnpm/expo-modules-core@57.0.16_react-native-worklets@0.10.1_@babel+core@7.29.7_@react-native_3d6d20ac975202fc1c5c16f1e510c554/node_modules/expo-modules-core/android/src/main/java/expo/modules/kotlin/AppContext.kt:380:21 'val DEFAULT: Int' is deprecated. UIManagerType.DEFAULT will be deleted in the next release of React Native. Use [LEGACY] instead.
w: file:///Users/justinrich/Projects/rnr-ai-elements/.kb-run-sprint/worktrees/sprint-01-installed-app-cold-boots-on-both-platforms/TASK-F8/node_modules/.pnpm/expo-modules-core@57.0.16_react-native-worklets@0.10.1_@babel+core@7.29.7_@react-native_3d6d20ac975202fc1c5c16f1e510c554/node_modules/expo-modules-core/android/src/main/java/expo/modules/kotlin/AppContext.kt:381:10 'class UIManagerModule : ReactContextBaseJavaModule, LifecycleEventListener, UIManager' is deprecated. Deprecated in Java.
w: file:///Users/justinrich/Projects/rnr-ai-elements/.kb-run-sprint/worktrees/sprint-01-installed-app-cold-boots-on-both-platforms/TASK-F8/node_modules/.pnpm/expo-modules-core@57.0.16_react-native-worklets@0.10.1_@babel+core@7.29.7_@react-native_3d6d20ac975202fc1c5c16f1e510c554/node_modules/expo-modules-core/android/src/main/java/expo/modules/kotlin/defaultmodules/NativeModulesProxyModule.kt:16:5 'fun Constants(legacyConstantsProvider: () -> Map<String, Any?>): Unit' is deprecated. Use `Constant` or `Property` instead.
w: file:///Users/justinrich/Projects/rnr-ai-elements/.kb-run-sprint/worktrees/sprint-01-installed-app-cold-boots-on-both-platforms/TASK-F8/node_modules/.pnpm/expo-modules-core@57.0.16_react-native-worklets@0.10.1_@babel+core@7.29.7_@react-native_3d6d20ac975202fc1c5c16f1e510c554/node_modules/expo-modules-core/android/src/main/java/expo/modules/kotlin/events/KModuleEventEmitterWrapper.kt:99:21 'fun getEventDispatcherForReactTag(context: ReactContext, reactTag: Int): EventDispatcher?' is deprecated. reactTag is no longer needed.
w: file:///Users/justinrich/Projects/rnr-ai-elements/.kb-run-sprint/worktrees/sprint-01-installed-app-cold-boots-on-both-platforms/TASK-F8/node_modules/.pnpm/expo-modules-core@57.0.16_react-native-worklets@0.10.1_@babel+core@7.29.7_@react-native_3d6d20ac975202fc1c5c16f1e510c554/node_modules/expo-modules-core/android/src/main/java/expo/modules/kotlin/events/KModuleEventEmitterWrapper.kt:108:21 'fun getEventDispatcherForReactTag(context: ReactContext, reactTag: Int): EventDispatcher?' is deprecated. reactTag is no longer needed.
w: file:///Users/justinrich/Projects/rnr-ai-elements/.kb-run-sprint/worktrees/sprint-01-installed-app-cold-boots-on-both-platforms/TASK-F8/node_modules/.pnpm/expo-modules-core@57.0.16_react-native-worklets@0.10.1_@babel+core@7.29.7_@react-native_3d6d20ac975202fc1c5c16f1e510c554/node_modules/expo-modules-core/android/src/main/java/expo/modules/kotlin/views/ViewDefinitionBuilder.kt:470:16 'val errorManager: JSLoggerModule?' is deprecated. Use AppContext.jsLogger instead.
w: file:///Users/justinrich/Projects/rnr-ai-elements/.kb-run-sprint/worktrees/sprint-01-installed-app-cold-boots-on-both-platforms/TASK-F8/node_modules/.pnpm/expo-modules-core@57.0.16_react-native-worklets@0.10.1_@babel+core@7.29.7_@react-native_3d6d20ac975202fc1c5c16f1e510c554/node_modules/expo-modules-core/android/src/main/java/expo/modules/kotlin/views/ViewDefinitionBuilder.kt:470:30 'fun reportExceptionToLogBox(codedException: CodedException): Unit' is deprecated. Use appContext.jsLogger.error(...) instead.
w: file:///Users/justinrich/Projects/rnr-ai-elements/.kb-run-sprint/worktrees/sprint-01-installed-app-cold-boots-on-both-platforms/TASK-F8/node_modules/.pnpm/expo-modules-core@57.0.16_react-native-worklets@0.10.1_@babel+core@7.29.7_@react-native_3d6d20ac975202fc1c5c16f1e510c554/node_modules/expo-modules-core/android/src/main/java/expo/modules/kotlin/views/ViewManagerDefinition.kt:41:16 'val errorManager: JSLoggerModule?' is deprecated. Use AppContext.jsLogger instead.
w: file:///Users/justinrich/Projects/rnr-ai-elements/.kb-run-sprint/worktrees/sprint-01-installed-app-cold-boots-on-both-platforms/TASK-F8/node_modules/.pnpm/expo-modules-core@57.0.16_react-native-worklets@0.10.1_@babel+core@7.29.7_@react-native_3d6d20ac975202fc1c5c16f1e510c554/node_modules/expo-modules-core/android/src/main/java/expo/modules/kotlin/views/ViewManagerDefinition.kt:41:30 'fun reportExceptionToLogBox(codedException: CodedException): Unit' is deprecated. Use appContext.jsLogger.error(...) instead.

> Task :react-native-reanimated:prefabDebugPackage
> Task :react-native-reanimated:mergeDebugNativeLibs
> Task :react-native-gesture-handler:compileDebugJavaWithJavac
> Task :react-native-gesture-handler:processDebugJavaRes
> Task :react-native-gesture-handler:bundleLibCompileToJarDebug
> Task :react-native-gesture-handler:bundleLibRuntimeToJarDebug
> Task :react-native-reanimated:copyDebugJniLibsProjectOnly
> Task :react-native-gesture-handler:bundleLibRuntimeToDirDebug
> Task :app:configureCMakeDebug[arm64-v8a]

> Task :expo-modules-core:compileDebugJavaWithJavac
Note: Some input files use or override a deprecated API.
Note: Recompile with -Xlint:deprecation for details.

> Task :expo-modules-core:processDebugJavaRes
> Task :expo-modules-core:bundleLibCompileToJarDebug
> Task :expo-modules-core:bundleLibRuntimeToJarDebug

> Task :expo-constants:compileDebugKotlin
w: file:///Users/justinrich/Projects/rnr-ai-elements/.kb-run-sprint/worktrees/sprint-01-installed-app-cold-boots-on-both-platforms/TASK-F8/node_modules/.pnpm/expo-constants@57.0.17_expo@57.0.20_react-native@0.86.3_@babel+core@7.29.7_@react-nativ_1beb21a141a040e98324f5821f2224c7/node_modules/expo-constants/android/src/main/java/expo/modules/constants/ConstantsModule.kt:13:5 'fun Constants(legacyConstantsProvider: () -> Map<String, Any?>): Unit' is deprecated. Use `Constant` or `Property` instead.

> Task :react-native-gesture-handler:buildCMakeDebug[arm64-v8a]
> Task :react-native-gesture-handler:mergeDebugNativeLibs
> Task :react-native-gesture-handler:copyDebugJniLibsProjectOnly
> Task :expo-constants:compileDebugJavaWithJavac
> Task :expo-constants:bundleLibCompileToJarDebug
> Task :expo-constants:bundleLibRuntimeToJarDebug
> Task :expo-constants:processDebugJavaRes
> Task :expo-constants:bundleLibRuntimeToDirDebug
> Task :expo-log-box:compileDebugKotlin
> Task :expo-log-box:compileDebugJavaWithJavac
> Task :expo-log-box:bundleLibCompileToJarDebug
> Task :expo-log-box:bundleLibRuntimeToJarDebug
> Task :expo-log-box:processDebugJavaRes
> Task :expo-log-box:bundleLibRuntimeToDirDebug
> Task :expo-modules-core:bundleLibRuntimeToDirDebug

> Task :expo:compileDebugKotlin
w: file:///Users/justinrich/Projects/rnr-ai-elements/.kb-run-sprint/worktrees/sprint-01-installed-app-cold-boots-on-both-platforms/TASK-F8/node_modules/.pnpm/expo@57.0.20_@babel+core@7.29.7_@expo+dom-webview@57.0.1_@expo+metro-runtime@57.0.15_ex_d5e963a3fcf4f6777fd390e58182c8c7/node_modules/expo/android/src/main/java/expo/modules/ExpoModulesPackage.kt:34:16 This declaration overrides a deprecated member but is not marked as deprecated itself. Add the '@Deprecated' annotation or suppress the diagnostic.
w: file:///Users/justinrich/Projects/rnr-ai-elements/.kb-run-sprint/worktrees/sprint-01-installed-app-cold-boots-on-both-platforms/TASK-F8/node_modules/.pnpm/expo@57.0.20_@babel+core@7.29.7_@expo+dom-webview@57.0.1_@expo+metro-runtime@57.0.15_ex_d5e963a3fcf4f6777fd390e58182c8c7/node_modules/expo/android/src/main/java/expo/modules/ReactActivityDelegateWrapper.kt:22:8 'class ReactInstanceManager : Any' is deprecated. Deprecated in Java.
w: file:///Users/justinrich/Projects/rnr-ai-elements/.kb-run-sprint/worktrees/sprint-01-installed-app-cold-boots-on-both-platforms/TASK-F8/node_modules/.pnpm/expo@57.0.20_@babel+core@7.29.7_@expo+dom-webview@57.0.1_@expo+metro-runtime@57.0.15_ex_d5e963a3fcf4f6777fd390e58182c8c7/node_modules/expo/android/src/main/java/expo/modules/ReactActivityDelegateWrapper.kt:102:16 This declaration overrides a deprecated member but is not marked as deprecated itself. Add the '@Deprecated' annotation or suppress the diagnostic.
w: file:///Users/justinrich/Projects/rnr-ai-elements/.kb-run-sprint/worktrees/sprint-01-installed-app-cold-boots-on-both-platforms/TASK-F8/node_modules/.pnpm/expo@57.0.20_@babel+core@7.29.7_@expo+dom-webview@57.0.1_@expo+metro-runtime@57.0.15_ex_d5e963a3fcf4f6777fd390e58182c8c7/node_modules/expo/android/src/main/java/expo/modules/ReactActivityDelegateWrapper.kt:102:43 'class ReactInstanceManager : Any' is deprecated. Deprecated in Java.
w: file:///Users/justinrich/Projects/rnr-ai-elements/.kb-run-sprint/worktrees/sprint-01-installed-app-cold-boots-on-both-platforms/TASK-F8/node_modules/.pnpm/expo@57.0.20_@babel+core@7.29.7_@expo+dom-webview@57.0.1_@expo+metro-runtime@57.0.15_ex_d5e963a3fcf4f6777fd390e58182c8c7/node_modules/expo/android/src/main/java/expo/modules/ReactActivityDelegateWrapper.kt:103:21 'val reactInstanceManager: ReactInstanceManager' is deprecated. Deprecated in Java.
w: file:///Users/justinrich/Projects/rnr-ai-elements/.kb-run-sprint/worktrees/sprint-01-installed-app-cold-boots-on-both-platforms/TASK-F8/node_modules/.pnpm/expo@57.0.20_@babel+core@7.29.7_@expo+dom-webview@57.0.1_@expo+metro-runtime@57.0.15_ex_d5e963a3fcf4f6777fd390e58182c8c7/node_modules/expo/android/src/main/java/expo/modules/fetch/ExpoFetchModule.kt:33:39 'constructor(reactContext: ReactContext): ForwardingCookieHandler' is deprecated. Use the default constructor.
w: file:///Users/justinrich/Projects/rnr-ai-elements/.kb-run-sprint/worktrees/sprint-01-installed-app-cold-boots-on-both-platforms/TASK-F8/node_modules/.pnpm/expo@57.0.20_@babel+core@7.29.7_@expo+dom-webview@57.0.1_@expo+metro-runtime@57.0.15_ex_d5e963a3fcf4f6777fd390e58182c8c7/node_modules/expo/android/src/main/java/expo/modules/fetch/NativeResponse.kt:44:16 This declaration overrides a deprecated member but is not marked as deprecated itself. Add the '@Deprecated' annotation or suppress the diagnostic.
w: file:///Users/justinrich/Projects/rnr-ai-elements/.kb-run-sprint/worktrees/sprint-01-installed-app-cold-boots-on-both-platforms/TASK-F8/node_modules/.pnpm/expo@57.0.20_@babel+core@7.29.7_@expo+dom-webview@57.0.1_@expo+metro-runtime@57.0.15_ex_d5e963a3fcf4f6777fd390e58182c8c7/node_modules/expo/android/src/main/java/expo/modules/fetch/NativeResponse.kt:46:11 'fun deallocate(): Unit' is deprecated. Use sharedObjectDidRelease() instead.

> Task :expo:compileDebugJavaWithJavac
> Task :expo:processDebugJavaRes
> Task :expo:bundleLibCompileToJarDebug
> Task :expo:bundleLibRuntimeToJarDebug
> Task :expo:bundleLibRuntimeToDirDebug
> Task :app:buildCMakeDebug[arm64-v8a]
> Task :app:mergeDebugJniLibFolders
> Task :app:validateSigningDebug
> Task :app:writeDebugAppMetadata
> Task :app:writeDebugSigningConfigVersions
> Task :app:mergeLibDexDebug
> Task :app:mergeDebugNativeLibs
> Task :app:stripDebugDebugSymbols
> Task :app:processDebugResources
> Task :app:compileDebugKotlin
> Task :app:compileDebugJavaWithJavac
> Task :app:dexBuilderDebug
> Task :app:processDebugJavaRes
> Task :app:mergeDebugGlobalSynthetics
> Task :app:mergeProjectDexDebug
> Task :app:mergeDebugJavaResource
> Task :app:packageDebug
> Task :app:createDebugApkListingFileRedirect
> Task :app:assembleDebug

[Incubating] Problems report is available at: file:///Users/justinrich/Projects/rnr-ai-elements/.kb-run-sprint/worktrees/sprint-01-installed-app-cold-boots-on-both-platforms/TASK-F8/apps/example/android/build/reports/problems/problems-report.html

Deprecated Gradle features were used in this build, making it incompatible with Gradle 10.

You can use '--warning-mode all' to show the individual deprecation warnings and determine if they come from your own scripts or plugins.

For more on this, please refer to https://docs.gradle.org/9.3.1/userguide/command_line_interface.html#sec:command_line_warnings in the Gradle documentation.

BUILD SUCCESSFUL in 3m 13s
338 actionable tasks: 296 executed, 42 from cache
Waiting on http://localhost:8081
› Installing /Users/justinrich/Projects/rnr-ai-elements/.kb-run-sprint/worktrees/sprint-01-installed-app-cold-boots-on-both-platforms/TASK-F8/apps/example/android/app/build/outputs/apk/debug/app-debug.apk
› Opening ai-elements-example://expo-development-client/?url=http%3A%2F%2F192.168.1.245%3A8081 on Pixel_7_API_34
