== preflight ==
maestro 2.5.1 (pinned by .maestro/config.yaml)
iOS target: iPhone 17 Pro (9677B8E8-CD67-4561-89DF-17BFD99309CC)
Android target: unknown (emulator-5556)
== install (gate steps 1-3) ==
node_modules present — pnpm install skipped (idempotent re-run)
already-installed (committed F3 install re-verified: 10/10 files, 0 '@/registry/' literals, PortalHost present)
== metro (port 8081, serving this worktree) ==
Metro serving
== build/install iOS (gate step 4) ==
ai.hackerpug.rnrexample already installed on 9677B8E8-CD67-4561-89DF-17BFD99309CC — native build skipped (the cold boot is exercised by the flow's clearState launch)
== warm iOS bundle ==
terminated previous iOS instance
iOS bundle warm
== build/install Android (gate step 10) ==
running npx expo run:android
== warm Android bundle ==
Android bundle warm
== cold-boot flows (gate steps 8, 11, 12) ==
-- iOS light --
maestro flow → ios (cold-boot.png)
