== preflight ==
maestro 2.5.1 (pinned by .maestro/config.yaml)
iOS target: iPhone 17 Pro (9677B8E8-CD67-4561-89DF-17BFD99309CC)
Android target: unknown (emulator-5556)
== install (gate steps 1-3) ==
node_modules present — pnpm install skipped (idempotent re-run)
already-installed (committed F3 install re-verified: 10/10 files, 0 '@/registry/' literals, PortalHost present)
== --mutate-theme green-600: delete the palette slice, measure, restore ==
global.css mutated (--color-green-600 removed; restoration is trapped on EXIT)
== metro (port 8081, serving this worktree) ==
killing squatter(s) on 8081: 73106 
Metro serving
== build/install iOS (gate step 4) ==
ai.hackerpug.rnrexample already installed on 9677B8E8-CD67-4561-89DF-17BFD99309CC — native build skipped (the cold boot is exercised by the flow's clearState launch)
== warm iOS bundle ==
terminated previous iOS instance
iOS bundle warm
no pixel with chroma > 0.05 and hue in [100,200] inside "full capture" — the glyph rendered colorless?
FAIL: measured badge glyph chroma 0.0000 is below 0.05 with --color-green-600 deleted from the consumer @theme
global.css restored
