Scope: all 5 workspace projects
Lockfile is up to date, resolution step is skipped
Progress: resolved 1, reused 0, downloaded 0, added 0
Packages: +939
++++++++++++++++++++++++++++++++++++++++++++++++++++++++++++++++++++++++++++++++
Progress: resolved 939, reused 898, downloaded 0, added 70
Progress: resolved 939, reused 902, downloaded 0, added 338
Progress: resolved 939, reused 902, downloaded 0, added 497
Progress: resolved 939, reused 902, downloaded 0, added 587
Progress: resolved 939, reused 902, downloaded 0, added 665
Progress: resolved 939, reused 902, downloaded 0, added 841
Progress: resolved 939, reused 902, downloaded 0, added 900
Progress: resolved 939, reused 902, downloaded 0, added 934
Progress: resolved 939, reused 902, downloaded 0, added 936
Progress: resolved 939, reused 902, downloaded 0, added 937
Progress: resolved 939, reused 902, downloaded 0, added 938
Progress: resolved 939, reused 902, downloaded 0, added 939, done

devDependencies:
+ @biomejs/biome 2.5.11
+ @types/node 24.13.3
+ tsx 4.23.13
+ typescript 7.0.2
+ vitest 4.1.11

╭ Warning ─────────────────────────────────────────────────────────────────────╮
│                                                                              │
│   Ignored build scripts: esbuild@0.28.2.                                     │
│   Run "pnpm approve-builds" to pick which dependencies should be allowed     │
│   to run scripts.                                                            │
│                                                                              │
╰──────────────────────────────────────────────────────────────────────────────╯
Done in 12.4s using pnpm v10.32.1
