Running on iPhone 17 Pro - iOS 26.3 - 9677B8E8-CD67-4561-89DF-17BFD99309CC
 > Flow cold-boot
Launch app "ai.hackerpug.rnrexample" with clear state... COMPLETED
Open ai-elements-example://expo-development-client/?url=http%3A%2F%2Flocalhost%3A8081... COMPLETED
Run flow when "Open in" is visible...
Run flow when "Open in" is visible... SKIPPED
Assert that "AI Elements Example" is visible... FAILED

Assertion is false: "AI Elements Example" is visible

Assertion '"AI Elements Example" is visible' failed. Check the UI hierarchy in debug artifacts to verify the element state and properties.

Possible causes:
- Element selector may be incorrect - check if there are similar elements with slightly different names/properties.
- Element may be temporarily unavailable due to loading state
- This could be a real regression that needs to be addressed

==== Debug output (logs & screenshots) ====

/Users/justinrich/.maestro/tests/2026-09-06_193744
╭────────────────────────────────────────────────────────────────────────────────────────────────╮
│                                                                                                │
│   Debug tests faster by easy access to test recordings, maestro logs, screenshots, and more.   │
│                                                                                                │
│   Run your flows on Maestro Cloud:                                                             │
│   maestro cloud app_file flows_folder/                                                         │
│                                                                                                │
╰────────────────────────────────────────────────────────────────────────────────────────────────╯

