[2m[34mℹ[39m Styling Library: Uniwind[0m
Progress: resolved 1, reused 0, downloaded 0, added 0
Progress: resolved 264, reused 249, downloaded 10, added 0
Packages: +310
++++++++++++++++++++++++++++++++++++++++++++++++++++++++++++++++++++++++++++++++
Progress: resolved 310, reused 297, downloaded 13, added 0
Progress: resolved 310, reused 297, downloaded 13, added 263
Progress: resolved 310, reused 297, downloaded 13, added 310, done
- Checking registry.
✔ Checking registry.
- Installing dependencies.
- Installing dependencies.
✔ Installing dependencies.
- Updating files.
✔ Created 22 files:
  - components/ui/text.tsx
  - components/ui/icon.tsx
  - components/ui/avatar.tsx
  - lib/markdown.ts
  - components/ui/input.tsx
  - components/ui/collapsible.tsx
  - lib/mono.ts
  - lib/status.ts
  - components/ui/native-only-animated-view.tsx
  - components/ui/progress.tsx
  - components/ui/badge.tsx
  - components/ui/button.tsx
  - components/ui/empty.tsx
  - components/ai/message.tsx
  - components/ui/popover.tsx
  - components/ai/tool.tsx
  - components/ai/tool.logic.ts
  - components/ui/input-group.tsx
  - components/ai/conversation.tsx
  - components/ai/context.tsx
  - components/ai/context.logic.ts
  - components/ai/prompt-input.tsx
[2m[32m✔[39m All checks passed.[0m

