[2m[34mℹ[39m Styling Library: Uniwind[0m
- Checking registry.
✔ Checking registry.
- Installing dependencies.
- Installing dependencies.
✔ Installing dependencies.
- Updating files.
[?25l[2K[1G[36m?[39m [1mThe file button.tsx already exists. Would you like to overwrite?[22m [90m›[39m [90m(y/N)[39m[2K[1G[2K[1G[32m✔[39m [1mThe file button.tsx already exists. Would you like to overwrite?[22m [90m…[39m no
[?25h✔ Created 21 files:
  - components/ui/text.tsx
  - components/ui/icon.tsx
  - components/ui/avatar.tsx
  - lib/markdown.ts
  - components/ui/input.tsx
  - components/ui/collapsible.tsx
  - lib/mono.ts
  - lib/status.ts
  - components/ui/native-only-animated-view.tsx
  - components/ui/progress.tsx
  - components/ui/badge.tsx
  - components/ui/empty.tsx
  - components/ai/message.tsx
  - components/ui/popover.tsx
  - components/ai/tool.tsx
  - components/ai/tool.logic.ts
  - components/ui/input-group.tsx
  - components/ai/conversation.tsx
  - components/ai/context.tsx
  - components/ai/context.logic.ts
  - components/ai/prompt-input.tsx
ℹ Skipped 1 file: (files might be identical, use --overwrite to overwrite)
  - components/ui/button.tsx
[2m[33m⚠[39m 1 Potential issue found. For more info, run: 'npx @react-native-reusables/cli doctor'[0m

