Running on Pixel_7_API_34
 > Flow cold-boot
Launch app "ai.hackerpug.rnrexample" with clear state... COMPLETED
Open ai-elements-example://expo-development-client/?url=http%3A%2F%2Flocalhost%3A8081... COMPLETED
Tap on point (69%, 56%)... COMPLETED
Assert that id: transcript-message-0 is visible... COMPLETED
Assert that "AI Elements Example" is visible... COMPLETED
Assert that "Registry item installed." is visible... COMPLETED
Assert that id: app-header is visible... COMPLETED
Assert that id: tool-badge-completed is visible... COMPLETED
Take screenshot ${SCREENSHOT_PATH}... COMPLETED
Tap on id: context-trigger... COMPLETED
Assert that id: context-popover-content is visible... FAILED

Assertion is false: id: context-popover-content is visible

Assertion 'id: context-popover-content is visible' failed. Check the UI hierarchy in debug artifacts to verify the element state and properties.

Possible causes:
- Element selector may be incorrect - check if there are similar elements with slightly different names/properties.
- Element may be temporarily unavailable due to loading state
- This could be a real regression that needs to be addressed

==== Debug output (logs & screenshots) ====

/Users/justinrich/.maestro/tests/2026-09-07_011443
