== smoke: one locked flow on android ==
maestro 2.5.1 (pinned by .maestro/config.yaml)
Android target: unknown (emulator-5556)
== warm Android bundle ==
Android bundle warm
maestro flow → android (cold-boot.png)
Flow Passed (android: cold-boot.png)
Running on Pixel_7_API_34
 > Flow cold-boot
Launch app "ai.hackerpug.rnrexample" with clear state... COMPLETED
Open ai-elements-example://expo-development-client/?url=http%3A%2F%2Flocalhost%3A8081... COMPLETED
Tap on point (69%, 56%)... COMPLETED
Assert that id: transcript-message-0 is visible... COMPLETED
Assert that "AI Elements Example" is visible... COMPLETED
Assert that "Registry item installed." is visible... COMPLETED
Assert that id: app-header is visible... COMPLETED
Assert that id: tool-badge-completed is visible... COMPLETED
Take screenshot ${SCREENSHOT_PATH}... COMPLETED
Tap on id: context-trigger... COMPLETED
Assert that id: context-popover-content is visible... COMPLETED
smoke capture written
