[2m[34mℹ[39m Styling Library: Uniwind[0m
- Checking registry.
✔ Checking registry.
- Installing dependencies.
- Installing dependencies.
✔ Installing dependencies.
- Updating files.
[?25l[2K[1G[36m?[39m [1mThe file icon.tsx already exists. Would you like to overwrite?[22m [90m›[39m [90m(y/N)[39m[2K[1G[2K[1G[32m✔[39m [1mThe file icon.tsx already exists. Would you like to overwrite?[22m [90m…[39m no
[?25h✔ Created 2 files:
  - components/ai/context.tsx
  - components/ai/context.logic.ts
ℹ Skipped 7 files: (files might be identical, use --overwrite to overwrite)
  - components/ui/text.tsx
  - components/ui/icon.tsx
  - components/ui/native-only-animated-view.tsx
  - components/ui/progress.tsx
  - lib/mono.ts
  - components/ui/button.tsx
  - components/ui/popover.tsx
[2m[32m✔[39m All checks passed.[0m

