=== GREEN evidence TASK-F5 cycle-1 — 2026-09-06T23:28:36Z ===
--- check 1: messages.length (expect 2) ---
2
exit=0
--- check 2: assistant text (expect 'Registry item installed.') ---
Registry item installed.
exit=0
--- check 3: tool part (expect 'output-available searchRegistry') ---
output-available searchRegistry
exit=0
--- check 4: apps/example tsc (expect 0 errors from TASK-F5 files; 5 pre-existing F3/F4 baseline) ---
   1 apps/example/app/_layout.tsx
   1 apps/example/components/ai/conversation.tsx
   1 apps/example/components/ai/tool.tsx
   1 apps/example/components/ui/input-group.tsx
   1 apps/example/components/ui/input.tsx
exit=1
--- check 5: PROVENANCE.md ---
# Fixture provenance — `transcript.json`

- **origin**: hand-assembled
- **sdk**: ai@7.0.89
- **created**: 2026-09-06T23:25:23Z

## What this is

A committed `UIMessage[]` transcript (the shape an AI SDK `UIMessageStream` produces):
one user message, one assistant message carrying one completed tool part
(`output-available`, `searchRegistry`) and one text part (`Registry item installed.`).

It was **hand-assembled**, not recorded from a running `/api/chat` — no model call
produced it. It exists so the `/` route cold-boots with a real transcript and zero
network dependencies (streaming against a live backend is sprint 04's work). The
shape is checked against the real `ai@7.0.89` `UIMessage` type by
`pnpm exec tsc --noEmit -p apps/example`; the assistant tool part's state
(`output-available`) and toolName (`searchRegistry`) are asserted verbatim by the
TASK-F8 flows, so renaming either breaks a locked flow.

If a future task records a real transcript, replace this file and flip the origin
line to `recorded from /api/chat`, keeping the SDK version and `created` date
accurate.
exit=0
--- check 6: no network/timer on route (expect 0) ---
0
exit=1
--- check 7: CLI-installed ai/ untouched (expect 0 lines) ---
exit=0
--- check 8: root typecheck + lint ---
typecheck exit=0
lint exit=0
