Starting project at /Users/justinrich/Projects/rnr-ai-elements/.kb-run-sprint/worktrees/sprint-01-installed-app-cold-boots-on-both-platforms/FIX-F8-1/apps/example
React Compiler enabled
Expo Autolinking module resolution enabled
Starting Metro Bundler

warning: Bundler cache is empty, rebuilding (this may take a minute)
Waiting on http://localhost:8081

Logs for your project will appear below.
iOS Bundled 3985ms node_modules/.pnpm/expo-router@57.0.19_dea1b00d79bfa5a0c1c404d7cc2744f2/node_modules/expo-router/entry.js (3867 modules)
iOS Bundled 64ms node_modules/.pnpm/expo-router@57.0.19_dea1b00d79bfa5a0c1c404d7cc2744f2/node_modules/expo-router/entry.js (1 module)
iOS Bundled 65ms node_modules/.pnpm/expo-router@57.0.19_dea1b00d79bfa5a0c1c404d7cc2744f2/node_modules/expo-router/entry.js (1 module)
 ERROR  [Error: Context components must be used within Context]
Unable to resolve "@/components/ai/context" from "apps/example/app/index.tsx"
[0m [90m 16 |[39m   [33mContextReasoningUsage[39m[33m,[39m
 [90m 17 |[39m   [33mContextTrigger[39m[33m,[39m
[31m[1m>[22m[39m[90m 18 |[39m } [36mfrom[39m [32m'@/components/ai/context'[39m[33m;[39m
 [90m    |[39m         [31m[1m^[22m[39m
 [90m 19 |[39m [36mimport[39m {
 [90m 20 |[39m   [33mConversation[39m[33m,[39m
 [90m 21 |[39m   [33mConversationScrollButton[39m[33m,[39m[0m

Import stack:

 apps/example/app/index.tsx
 | import "@/components/ai/context"

 apps/example/app (require.context)

Unable to resolve "@/components/ai/context" from "apps/example/app/index.tsx"
[0m [90m 16 |[39m   [33mContextReasoningUsage[39m[33m,[39m
 [90m 17 |[39m   [33mContextTrigger[39m[33m,[39m
[31m[1m>[22m[39m[90m 18 |[39m } [36mfrom[39m [32m'@/components/ai/context'[39m[33m;[39m
 [90m    |[39m         [31m[1m^[22m[39m
 [90m 19 |[39m [36mimport[39m {
 [90m 20 |[39m   [33mConversation[39m[33m,[39m
 [90m 21 |[39m   [33mConversationScrollButton[39m[33m,[39m[0m

Import stack:

 apps/example/app/index.tsx
 | import "@/components/ai/context"

 apps/example/app (require.context)

Unable to resolve "@/components/ai/context" from "apps/example/app/index.tsx"
[0m [90m 16 |[39m   [33mContextReasoningUsage[39m[33m,[39m
 [90m 17 |[39m   [33mContextTrigger[39m[33m,[39m
[31m[1m>[22m[39m[90m 18 |[39m } [36mfrom[39m [32m'@/components/ai/context'[39m[33m;[39m
 [90m    |[39m         [31m[1m^[22m[39m
 [90m 19 |[39m [36mimport[39m {
 [90m 20 |[39m   [33mConversation[39m[33m,[39m
 [90m 21 |[39m   [33mConversationScrollButton[39m[33m,[39m[0m

Import stack:

 apps/example/app/index.tsx
 | import "@/components/ai/context"

 apps/example/app (require.context)

