Scope: all 5 workspace projects
Lockfile is up to date, resolution step is skipped
Progress: resolved 1, reused 0, downloaded 0, added 0
Packages: +939
++++++++++++++++++++++++++++++++++++++++++++++++++++++++++++++++++++++++++++++++
Progress: resolved 939, reused 901, downloaded 0, added 137
Progress: resolved 939, reused 902, downloaded 0, added 447
Progress: resolved 939, reused 902, downloaded 0, added 598
Progress: resolved 939, reused 902, downloaded 0, added 684
Progress: resolved 939, reused 902, downloaded 0, added 910
Progress: resolved 939, reused 902, downloaded 0, added 935
Progress: resolved 939, reused 902, downloaded 0, added 937
Progress: resolved 939, reused 902, downloaded 0, added 939, done

devDependencies:
+ @biomejs/biome 2.5.11
+ @types/node 24.13.3
+ tsx 4.23.13
+ typescript 7.0.2
+ vitest 4.1.11

╭ Warning ─────────────────────────────────────────────────────────────────────╮
│                                                                              │
│   Ignored build scripts: esbuild@0.28.2.                                     │
│   Run "pnpm approve-builds" to pick which dependencies should be allowed     │
│   to run scripts.                                                            │
│                                                                              │
╰──────────────────────────────────────────────────────────────────────────────╯
Done in 8.2s using pnpm v10.32.1
