# RED proof — TASK-F2 cycle 1 (suite UC-REG-01/edge-a-short-name-registry-dependency)
# Run BEFORE the {version} emitter change: exit 1. Failing tests (why each AC is red):
#   - version-agreement: package.json had no version field (AC-2 GIVEN unmet)
#   - TC-3 resolveEngine: 3rd version arg not yet implemented -> {version} survives
#   - TC-4/TC-5 scan: emitted tree still carried /main/ (AC-1 must_observe v0.1.0 clause + AC-2)
# AC-1's https-only and short-name-refusal halves passed at RED (pre-existing guard), as expected.
# Full output follows.

(!) Your Vite config uses features that are unsupported by `configLoader: 'native'`, which is planned to become the default in a future major version of Vite:
  - `__dirname` (vitest.config.ts:13:30). Use `import.meta.dirname` instead
Set `VITE_CONFIG_NATIVE_IGNORE_WARNING=true` to suppress this warning.

 RUN  v4.1.11 /Users/justinrich/Projects/rnr-ai-elements/.kb-run-sprint/worktrees/sprint-01-installed-app-cold-boots-on-both-platforms/TASK-F2

 ❯ tests/build-registry.test.ts (13 tests | 3 failed | 7 skipped) 1431ms
     × keeps package.json, the v0.1.0 tag and the emitted URLs on one version 5ms
     × substitutes {version} and {engine} in one resolveEngine pass (TC-3) 2ms
     × pins every self-referencing URL to v0.1.0 with no /main/ and no leftover token (TC-4/TC-5) 1ms

⎯⎯⎯⎯⎯⎯⎯ Failed Tests 3 ⎯⎯⎯⎯⎯⎯⎯

 FAIL  tests/build-registry.test.ts > UC-REG-01/edge-a-short-name-registry-dependency > keeps package.json, the v0.1.0 tag and the emitted URLs on one version
AssertionError: package.json version: expected undefined to be '0.1.0' // Object.is equality

- Expected:
"0.1.0"

+ Received:
undefined

 ❯ tests/build-registry.test.ts:112:49
    110|   it('keeps package.json, the v0.1.0 tag and the emitted URLs on one v…
    111|     // AC-2 GIVEN. A later sprint cutting v0.2.0 supersedes this file …
    112|     expect(PKG_VERSION, 'package.json version').toBe('0.1.0');
       |                                                 ^
    113|   });
    114|

⎯⎯⎯⎯⎯⎯⎯⎯⎯⎯⎯⎯⎯⎯⎯⎯⎯⎯⎯⎯⎯⎯⎯⎯[1/3]⎯

 FAIL  tests/build-registry.test.ts > UC-REG-01/edge-a-short-name-registry-dependency > substitutes {version} and {engine} in one resolveEngine pass (TC-3)
AssertionError: expected 'https://raw.githubusercontent.com/hac…' to be 'https://raw.githubusercontent.com/hac…' // Object.is equality

Expected: "https://raw.githubusercontent.com/hackerpug-ai/rnr-ai-elements/vundefined/public/r/nativewind/message.json"
Received: "https://raw.githubusercontent.com/hackerpug-ai/rnr-ai-elements/v{version}/public/r/nativewind/message.json"

 ❯ tests/build-registry.test.ts:138:17
    136|       PKG_VERSION,
    137|     );
    138|     expect(out).toBe(
       |                 ^
    139|       `https://raw.githubusercontent.com/hackerpug-ai/rnr-ai-elements/…
    140|     );

⎯⎯⎯⎯⎯⎯⎯⎯⎯⎯⎯⎯⎯⎯⎯⎯⎯⎯⎯⎯⎯⎯⎯⎯[2/3]⎯

 FAIL  tests/build-registry.test.ts > UC-REG-01/edge-a-short-name-registry-dependency > pins every self-referencing URL to v0.1.0 with no /main/ and no leftover token (TC-4/TC-5)
AssertionError: nativewind/agent.json: self URL not tag-pinned: expected 'https://raw.githubusercontent.com/hac…' to match /^https:\/\/raw\.githubusercontent\.c…/\

- Expected:
/^https:\/\/raw\.githubusercontent\.com\/hackerpug-ai\/rnr-ai-elements\/v0\.1\.0\/public\/r\/(nativewind|uniwind)\/[\w.-]+\.json$/

+ Received:
"https://raw.githubusercontent.com/hackerpug-ai/rnr-ai-elements/main/public/r/nativewind/persona.json"

 ❯ tests/build-registry.test.ts:155:13
    153|             dep,
    154|             `${file}: self URL not tag-pinned`,
    155|           ).toMatch(
       |             ^
    156|             /^https:\/\/raw\.githubusercontent\.com\/hackerpug-ai\/rnr…
    157|           );

⎯⎯⎯⎯⎯⎯⎯⎯⎯⎯⎯⎯⎯⎯⎯⎯⎯⎯⎯⎯⎯⎯⎯⎯[3/3]⎯


 Test Files  1 failed (1)
      Tests  3 failed | 3 passed | 7 skipped (13)
   Start at  15:21:33
   Duration  1.58s (transform 23ms, setup 0ms, import 33ms, tests 1.43s, environment 0ms)

