== preflight ==
maestro 2.5.1 (pinned by .maestro/config.yaml)
iOS target: iPhone 17 Pro (9677B8E8-CD67-4561-89DF-17BFD99309CC)
Android target: unknown (emulator-5556)
== install (gate steps 1-3) ==
node_modules present — pnpm install skipped (idempotent re-run)
already-installed (committed F3 install re-verified: 10/10 files, 0 '@/registry/' literals, PortalHost present)
== metro (port 8081, serving this worktree) ==
Metro serving
== build/install iOS (gate step 4) ==
ai.hackerpug.rnrexample already installed on 9677B8E8-CD67-4561-89DF-17BFD99309CC — native build skipped (the cold boot is exercised by the flow's clearState launch)
== warm iOS bundle ==
terminated previous iOS instance
iOS bundle warm
== build/install Android (gate step 10) ==
ai.hackerpug.rnrexample already installed on emulator-5556 — native build skipped (the cold boot is exercised by the flow's clearState launch)
== warm Android bundle ==
Android bundle warm
== cold-boot flows (gate steps 8, 11, 12) ==
-- iOS light --
maestro flow → ios (cold-boot.png)
Running on iPhone 17 Pro - iOS 26.3 - 9677B8E8-CD67-4561-89DF-17BFD99309CC
 > Flow cold-boot
Launch app "ai.hackerpug.rnrexample" with clear state... COMPLETED
Open ai-elements-example://expo-development-client/?url=http%3A%2F%2Flocalhost%3A8081... COMPLETED
Tap on point (69%, 56%)... COMPLETED
Assert that id: transcript-message-0-mutant-absent is visible... FAILED

Assertion is false: id: transcript-message-0-mutant-absent is visible

Assertion 'id: transcript-message-0-mutant-absent is visible' failed. Check the UI hierarchy in debug artifacts to verify the element state and properties.

Possible causes:
- Element selector may be incorrect - check if there are similar elements with slightly different names/properties.
- Element may be temporarily unavailable due to loading state
- This could be a real regression that needs to be addressed

==== Debug output (logs & screenshots) ====

/Users/justinrich/.maestro/tests/2026-09-06_212234
FATAL: the cold-boot flow FAILED on ios — see /Users/justinrich/Projects/rnr-ai-elements/.kb-run-sprint/worktrees/sprint-01-installed-app-cold-boots-on-both-platforms/TASK-F8/.tmp/TASK-F8/runs/20260906-212132/flow-ios-light.log (zero retries by design)
