=== pnpm install --frozen-lockfile (expect project list contains apps/example, 3 workspace packages) ===
Scope: all 5 workspace projects
Lockfile is up to date, resolution step is skipped
Progress: resolved 1, reused 0, downloaded 0, added 0
Packages: +3
+++
Progress: resolved 3, reused 1, downloaded 0, added 1
Progress: resolved 3, reused 3, downloaded 0, added 2, done

╭ Warning ─────────────────────────────────────────────────────────────────────╮
│                                                                              │
│   Ignored build scripts: esbuild@0.28.2.                                     │
│   Run "pnpm approve-builds" to pick which dependencies should be allowed     │
│   to run scripts.                                                            │
│                                                                              │
╰──────────────────────────────────────────────────────────────────────────────╯
Done in 6.9s using pnpm v10.32.1
exit=0
rnr-ai-elements /Users/justinrich/Projects/rnr-ai-elements/.kb-run-sprint/worktrees/sprint-01-installed-app-cold-boots-on-both-platforms/TASK-F1 (PRIVATE)

example@1.0.0 /Users/justinrich/Projects/rnr-ai-elements/.kb-run-sprint/worktrees/sprint-01-installed-app-cold-boots-on-both-platforms/TASK-F1/apps/example (PRIVATE)

harness@1.0.0 /Users/justinrich/Projects/rnr-ai-elements/.kb-run-sprint/worktrees/sprint-01-installed-app-cold-boots-on-both-platforms/TASK-F1/apps/harness (PRIVATE)

harness-nativewind@1.0.0 /Users/justinrich/Projects/rnr-ai-elements/.kb-run-sprint/worktrees/sprint-01-installed-app-cold-boots-on-both-platforms/TASK-F1/apps/harness-nativewind (PRIVATE)

@rnr-ai-elements/registry@0.0.0 /Users/justinrich/Projects/rnr-ai-elements/.kb-run-sprint/worktrees/sprint-01-installed-app-cold-boots-on-both-platforms/TASK-F1/packages/registry (PRIVATE)
